2022/08/20 13:13:24 [error] 13316#24252: *1 CreateFile() "./html/favicon.ico" failed (2: The system cannot find the file specified), client: 127.0.0.1, server: localhost, request: "GET /favicon.ico HTTP/1.1", host: "localhost", referrer: "http://localhost/"
2022/08/20 13:15:24 [notice] 27860#30424: signal process started
2022/08/20 13:39:08 [error] 13316#24252: *3 CreateFile() "./html/hello_lua" failed (2: The system cannot find the file specified), client: 127.0.0.1, server: localhost, request: "GET /hello_lua HTTP/1.1", host: "localhost"
2022/08/20 13:48:37 [notice] 24140#20952: signal process started
2022/08/20 13:49:08 [error] 13316#24252: *5 CreateFile() "./html/hello_lua" failed (2: The system cannot find the file specified), client: 127.0.0.1, server: localhost, request: "GET /hello_lua HTTP/1.1", host: "localhost"
2022/08/20 13:52:01 [notice] 1440#29624: signal process started
2022/08/20 13:52:11 [error] 13316#24252: *7 CreateFile() "./html/hello_lua" failed (2: The system cannot find the file specified), client: 127.0.0.1, server: localhost, request: "GET /hello_lua HTTP/1.1", host: "localhost"
2022/08/20 13:52:13 [error] 13316#24252: *7 CreateFile() "./html/hello_lua" failed (2: The system cannot find the file specified), client: 127.0.0.1, server: localhost, request: "GET /hello_lua HTTP/1.1", host: "localhost"
2022/08/20 13:52:28 [error] 13316#24252: *7 CreateFile() "./html/hello_lua" failed (2: The system cannot find the file specified), client: 127.0.0.1, server: localhost, request: "GET /hello_lua HTTP/1.1", host: "localhost"
2022/08/20 13:54:04 [notice] 25152#24372: signal process started
2022/08/20 15:36:18 [error] 13316#24252: *9 CreateFile() "./html/hello_lua" failed (2: The system cannot find the file specified), client: 127.0.0.1, server: localhost, request: "GET /hello_lua HTTP/1.1", host: "localhost"
2022/08/20 15:37:06 [notice] 20372#12360: signal process started
2022/08/20 15:45:14 [notice] 18608#12632: signal process started
2022/08/20 15:46:38 [notice] 18684#24928: signal process started
2022/08/20 15:46:38 [error] 18684#24928: CreateFile() "./logs/nginx.pid" failed (2: The system cannot find the file specified)
2022/08/20 15:47:18 [error] 13316#24252: *11 CreateFile() "./html/hello_lua" failed (2: The system cannot find the file specified), client: 127.0.0.1, server: localhost, request: "GET /hello_lua HTTP/1.1", host: "localhost"
2022/08/20 15:47:40 [notice] 25360#11660: signal process started
2022/08/20 15:51:47 [error] 13316#24252: *15 CreateFile() "./html/he..l" failed (2: The system cannot find the file specified), client: 127.0.0.1, server: localhost, request: "GET /he..l HTTP/1.1", host: "localhost"
2022/08/20 15:51:56 [error] 13316#24252: *15 CreateFile() "./html/hello_lua" failed (2: The system cannot find the file specified), client: 127.0.0.1, server: localhost, request: "GET /hello_lua HTTP/1.1", host: "localhost"
2022/08/20 15:54:36 [notice] 25020#11488: signal process started
2022/08/20 16:40:10 [notice] 29184#25092: signal process started
2022/08/20 16:40:10 [error] 29184#25092: CreateFile() "./logs/nginx.pid" failed (2: The system cannot find the file specified)
2022/08/20 16:40:53 [notice] 31300#7332: signal process started
2022/08/20 16:44:20 [error] 23744#26316: *1 CreateFile() "./html/favicon.ico" failed (2: The system cannot find the file specified), client: 127.0.0.1, server: localhost, request: "GET /favicon.ico HTTP/1.1", host: "localhost:8080", referrer: "http://localhost:8080/"
2022/08/21 09:56:06 [error] 13316#24252: *23 CreateFile() "./html/omni-tracking/trkcfg.txt" failed (3: The system cannot find the path specified), client: 127.0.0.1, server: localhost, request: "GET /omni-tracking/trkcfg.txt HTTP/1.1", host: "ipm.corel.com"
2022/08/21 12:45:20 [error] 13316#24252: *24 CreateFile() "./html/omni-tracking/trkcfg.txt" failed (3: The system cannot find the path specified), client: 127.0.0.1, server: localhost, request: "GET /omni-tracking/trkcfg.txt HTTP/1.1", host: "ipm.corel.com"
2022/08/21 12:45:20 [error] 13316#24252: *25 CreateFile() "./html/redirect" failed (2: The system cannot find the file specified), client: 127.0.0.1, server: localhost, request: "GET /redirect?_redirect=command&app=cuh&version=2.0&function=testonline HTTP/1.1", host: "apps.corel.com"
2022/08/21 23:49:44 [error] 13316#24252: *26 CreateFile() "./html/omni-tracking/trkcfg.txt" failed (3: The system cannot find the path specified), client: 127.0.0.1, server: localhost, request: "GET /omni-tracking/trkcfg.txt HTTP/1.1", host: "ipm.corel.com"
2022/08/22 09:45:39 [error] 23744#26316: *3 CreateFile() "./html/openapi/v2" failed (3: The system cannot find the path specified), client: 127.0.0.1, server: localhost, request: "GET /openapi/v2 HTTP/1.1", host: "localhost:8080"
2022/08/22 11:05:52 [error] 13316#24252: *27 CreateFile() "./html/omni-tracking/trkcfg.txt" failed (3: The system cannot find the path specified), client: 127.0.0.1, server: localhost, request: "GET /omni-tracking/trkcfg.txt HTTP/1.1", host: "ipm.corel.com"
2022/08/22 11:05:54 [error] 13316#24252: *28 CreateFile() "./html/omni-tracking/trkcfg.txt" failed (3: The system cannot find the path specified), client: 127.0.0.1, server: localhost, request: "GET /omni-tracking/trkcfg.txt HTTP/1.1", host: "ipm.corel.com"
2022/08/22 11:05:56 [error] 13316#24252: *29 CreateFile() "./html/redirect" failed (2: The system cannot find the file specified), client: 127.0.0.1, server: localhost, request: "GET /redirect?_redirect=command&function=partners&app=corelconnect HTTP/1.1", host: "apps.corel.com", referrer: "http://apps.corel.com/redirect?_redirect=command&function=partners&app=corelconnect"
2022/08/22 11:33:42 [error] 23744#26316: *4 CreateFile() "./html/openapi/v2" failed (3: The system cannot find the path specified), client: 127.0.0.1, server: localhost, request: "GET /openapi/v2 HTTP/1.1", host: "localhost:8080"
2022/08/22 13:00:21 [error] 13316#24252: *30 CreateFile() "./html/omni-tracking/trkcfg.txt" failed (3: The system cannot find the path specified), client: 127.0.0.1, server: localhost, request: "GET /omni-tracking/trkcfg.txt HTTP/1.1", host: "ipm.corel.com"
2022/08/22 13:00:21 [error] 13316#24252: *31 CreateFile() "./html/redirect" failed (2: The system cannot find the file specified), client: 127.0.0.1, server: localhost, request: "GET /redirect?_redirect=command&app=cuh&version=2.0&function=testonline HTTP/1.1", host: "apps.corel.com"
2022/08/22 19:12:42 [error] 23744#26316: *5 CreateFile() "./html/openapi/v2" failed (3: The system cannot find the path specified), client: 127.0.0.1, server: localhost, request: "GET /openapi/v2 HTTP/1.1", host: "localhost:8080"
2022/08/22 23:07:44 [error] 23744#26316: *6 CreateFile() "./html/chatterbox" failed (2: The system cannot find the file specified), client: 127.0.0.1, server: localhost, request: "GET /chatterbox HTTP/1.1", host: "localhost:8080"
2022/08/22 23:07:48 [error] 23744#26316: *6 CreateFile() "./html/chatterbox" failed (2: The system cannot find the file specified), client: 127.0.0.1, server: localhost, request: "GET /chatterbox HTTP/1.1", host: "localhost:8080"
2022/08/22 23:07:56 [error] 13316#24252: *32 CreateFile() "./html/chatterbox" failed (2: The system cannot find the file specified), client: 127.0.0.1, server: localhost, request: "GET /chatterbox HTTP/1.1", host: "localhost"
2022/08/22 23:08:28 [error] 13316#24252: *32 CreateFile() "./html/chatterbox" failed (2: The system cannot find the file specified), client: 127.0.0.1, server: localhost, request: "GET /chatterbox HTTP/1.1", host: "localhost"
2022/08/22 23:08:39 [error] 13316#24252: *32 CreateFile() "./html/hello_lua" failed (2: The system cannot find the file specified), client: 127.0.0.1, server: localhost, request: "GET /hello_lua HTTP/1.1", host: "localhost"
2022/08/22 23:08:41 [error] 13316#24252: *32 CreateFile() "./html/hello_lua" failed (2: The system cannot find the file specified), client: 127.0.0.1, server: localhost, request: "GET /hello_lua HTTP/1.1", host: "localhost"
2022/08/22 23:10:47 [error] 28476#29300: *1 CreateFile() "./html/chatbox" failed (2: The system cannot find the file specified), client: 127.0.0.1, server: localhost, request: "GET /chatbox HTTP/1.1", host: "localhost"
2022/08/22 23:11:03 [error] 28476#29300: *1 connect() failed (10061: No connection could be made because the target machine actively refused it) while connecting to upstream, client: 127.0.0.1, server: localhost, request: "GET /chatterbox HTTP/1.1", upstream: "http://[::1]:5000/chatterbox", host: "localhost"
2022/08/22 23:11:53 [error] 28476#29300: *1 connect() failed (10061: No connection could be made because the target machine actively refused it) while connecting to upstream, client: 127.0.0.1, server: localhost, request: "GET /chatterbox HTTP/1.1", upstream: "http://127.0.0.1:5000/chatterbox", host: "localhost"
2022/08/22 23:11:55 [error] 28476#29300: *1 connect() failed (10061: No connection could be made because the target machine actively refused it) while connecting to upstream, client: 127.0.0.1, server: localhost, request: "GET /chatterbox HTTP/1.1", upstream: "http://[::1]:5000/chatterbox", host: "localhost"
2022/08/22 23:11:57 [error] 28476#29300: *1 no live upstreams while connecting to upstream, client: 127.0.0.1, server: localhost, request: "GET /chatterbox HTTP/1.1", upstream: "http://localhost/chatterbox", host: "localhost"
2022/08/22 23:12:23 [error] 28476#29300: *1 CreateFile() "./html/chat" failed (2: The system cannot find the file specified), client: 127.0.0.1, server: localhost, request: "GET /chat HTTP/1.1", host: "localhost"
2022/08/22 23:14:23 [notice] 15912#25816: signal process started
2022/08/22 23:14:23 [error] 15912#25816: OpenEvent("Global\ngx_stop_22516") failed (2: The system cannot find the file specified)
2022/08/22 23:14:44 [error] 22900#12684: *1 connect() failed (10061: No connection could be made because the target machine actively refused it) while connecting to upstream, client: 127.0.0.1, server: localhost, request: "GET /chat HTTP/1.1", upstream: "http://[::1]:5000/chat", host: "localhost"
2022/08/22 23:49:44 [error] 22900#12684: *11 CreateFile() "./html/omni-tracking/trkcfg.txt" failed (3: The system cannot find the path specified), client: 127.0.0.1, server: localhost, request: "GET /omni-tracking/trkcfg.txt HTTP/1.1", host: "ipm.corel.com"
2022/08/23 13:15:24 [error] 22900#12684: *12 CreateFile() "./html/omni-tracking/trkcfg.txt" failed (3: The system cannot find the path specified), client: 127.0.0.1, server: localhost, request: "GET /omni-tracking/trkcfg.txt HTTP/1.1", host: "ipm.corel.com"
2022/08/23 13:15:24 [error] 22900#12684: *13 CreateFile() "./html/redirect" failed (2: The system cannot find the file specified), client: 127.0.0.1, server: localhost, request: "GET /redirect?_redirect=command&app=cuh&version=2.0&function=testonline HTTP/1.1", host: "apps.corel.com"
2022/08/23 21:51:56 [emerg] 6060#15164: duplicate location "/chat" in ./conf/nginx.conf:55
2022/08/23 22:02:21 [error] 22900#12684: *14 connect() failed (10061: No connection could be made because the target machine actively refused it) while connecting to upstream, client: 127.0.0.1, server: localhost, request: "GET /chat?msg=Hi HTTP/1.1", upstream: "http://[::1]:5000/chat?msg=Hi", host: "localhost"
2022/08/23 22:03:36 [error] 9068#28772: *1 failed to load external Lua file ".//usr/local/openresty/lualib/resty/jwt-auth.lua": cannot open .//usr/local/openresty/lualib/resty/jwt-auth.lua: No such file or directory, client: 127.0.0.1, server: localhost, request: "GET /api/test HTTP/1.1", host: "localhost"
2022/08/23 22:04:43 [error] 9068#28772: *1 connect() failed (10061: No connection could be made because the target machine actively refused it) while connecting to upstream, client: 127.0.0.1, server: localhost, request: "GET /billing HTTP/1.1", upstream: "http://[::1]:8060/billing", host: "localhost"
2022/08/23 22:04:45 [error] 9068#28772: *1 connect() failed (10061: No connection could be made because the target machine actively refused it) while connecting to upstream, client: 127.0.0.1, server: localhost, request: "GET /billing HTTP/1.1", upstream: "http://127.0.0.1:8060/billing", host: "localhost"
2022/08/23 22:04:58 [error] 9068#28772: *1 failed to load external Lua file ".//usr/local/openresty/lualib/resty/jwt-auth.lua": cannot open .//usr/local/openresty/lualib/resty/jwt-auth.lua: No such file or directory, client: 127.0.0.1, server: localhost, request: "GET /api/test HTTP/1.1", host: "localhost"
2022/08/23 22:10:20 [error] 29340#34288: *1 failed to load external Lua file ".//usr/local/openresty/lualib/resty/jwt-auth.lua": cannot open .//usr/local/openresty/lualib/resty/jwt-auth.lua: No such file or directory, client: 127.0.0.1, server: localhost, request: "GET /api/test HTTP/1.1", host: "localhost"
2022/08/23 22:10:23 [error] 29340#34288: *1 failed to load external Lua file ".//usr/local/openresty/lualib/resty/jwt-auth.lua": cannot open .//usr/local/openresty/lualib/resty/jwt-auth.lua: No such file or directory, client: 127.0.0.1, server: localhost, request: "GET /api HTTP/1.1", host: "localhost"
2022/08/23 22:12:49 [error] 31920#10504: *1 failed to load external Lua file "C:\luaProgram\openresty-1.21.4.1-win64\lualibesty\jwt-auth.lua": cannot open C:\luaProgram\openresty-1.21.4.1-win64\lualibesty\jwt-auth.lua: Invalid argument, client: 127.0.0.1, server: localhost, request: "GET /api HTTP/1.1", host: "localhost"
2022/08/23 22:13:42 [error] 18968#32672: *1 failed to load external Lua file "C:/luaProgram/openresty-1.21.4.1-win64/lualib/resty/jwt-auth.lua": ...ogram/openresty-1.21.4.1-win64/lualib/resty/jwt-auth.lua:2: '=' expected near 'local', client: 127.0.0.1, server: localhost, request: "GET /api HTTP/1.1", host: "localhost"
2022/08/23 22:15:26 [error] 25708#32948: *1 failed to load external Lua file "C:/luaProgram/openresty-1.21.4.1-win64/lualib/resty/jwt-auth.lua": ...ogram/openresty-1.21.4.1-win64/lualib/resty/jwt-auth.lua:2: '=' expected near 'ngx', client: 127.0.0.1, server: localhost, request: "GET /api HTTP/1.1", host: "localhost"
2022/08/23 22:15:50 [error] 25708#32948: *2 failed to load external Lua file "C:/luaProgram/openresty-1.21.4.1-win64/lualib/resty/jwt-auth.lua": ...ogram/openresty-1.21.4.1-win64/lualib/resty/jwt-auth.lua:2: '=' expected near 'ngx', client: 127.0.0.1, server: localhost, request: "GET /api HTTP/1.1", host: "localhost"
2022/08/23 22:16:08 [error] 29864#11408: *1 failed to load external Lua file "C:/luaProgram/openresty-1.21.4.1-win64/lualib/resty/jwt-auth.lua": ...ogram/openresty-1.21.4.1-win64/lualib/resty/jwt-auth.lua:3: '=' expected near 'ngx', client: 127.0.0.1, server: localhost, request: "GET /api HTTP/1.1", host: "localhost"
2022/08/23 22:16:12 [error] 29864#11408: *2 failed to load external Lua file "C:/luaProgram/openresty-1.21.4.1-win64/lualib/resty/jwt-auth.lua": ...ogram/openresty-1.21.4.1-win64/lualib/resty/jwt-auth.lua:3: '=' expected near 'ngx', client: 127.0.0.1, server: localhost, request: "GET /api HTTP/1.1", host: "localhost"
2022/08/23 22:17:14 [error] 29864#11408: *3 failed to load external Lua file "C:/luaProgram/openresty-1.21.4.1-win64/lualib/resty/jwt-auth.lua": ...ogram/openresty-1.21.4.1-win64/lualib/resty/jwt-auth.lua:3: '=' expected near 'ngx', client: 127.0.0.1, server: localhost, request: "GET /api HTTP/1.1", host: "localhost"
2022/08/23 22:18:23 [error] 27456#29492: *1 failed to load external Lua file "C:/luaProgram/openresty-1.21.4.1-win64/lualib/resty/jwt-auth.lua": ...ogram/openresty-1.21.4.1-win64/lualib/resty/jwt-auth.lua:2: unexpected symbol near '#', client: 127.0.0.1, server: localhost, request: "GET /api HTTP/1.1", host: "localhost"
2022/08/23 22:18:25 [error] 27456#29492: *2 failed to load external Lua file "C:/luaProgram/openresty-1.21.4.1-win64/lualib/resty/jwt-auth.lua": ...ogram/openresty-1.21.4.1-win64/lualib/resty/jwt-auth.lua:2: unexpected symbol near '#', client: 127.0.0.1, server: localhost, request: "GET /api HTTP/1.1", host: "localhost"
2022/08/23 22:18:55 [error] 21440#33256: *1 failed to load external Lua file "C://luaProgram/openresty-1.21.4.1-win64/lualib/resty/jwt-auth.lua": ...ogram/openresty-1.21.4.1-win64/lualib/resty/jwt-auth.lua:2: unexpected symbol near '#', client: 127.0.0.1, server: localhost, request: "GET /api HTTP/1.1", host: "localhost"
2022/08/23 22:21:16 [error] 8844#35616: *1 failed to load inlined Lua code: rewrite_by_lua(nginx.conf:49):1: '<name>' expected near '/', client: 127.0.0.1, server: localhost, request: "GET /api HTTP/1.1", host: "localhost"
2022/08/23 22:21:18 [error] 8844#35616: *2 failed to load inlined Lua code: rewrite_by_lua(nginx.conf:49):1: '<name>' expected near '/', client: 127.0.0.1, server: localhost, request: "GET /api HTTP/1.1", host: "localhost"
2022/08/23 22:23:36 [error] 36320#35092: *1 failed to load inlined Lua code: rewrite_by_lua(nginx.conf:49):1: '<name>' expected near '/', client: 127.0.0.1, server: localhost, request: "GET /api HTTP/1.1", host: "localhost"
2022/08/23 22:23:50 [error] 27248#20912: *1 failed to load inlined Lua code: rewrite_by_lua(nginx.conf:49):1: '<name>' expected near '/', client: 127.0.0.1, server: localhost, request: "GET /api HTTP/1.1", host: "localhost"
2022/08/23 22:24:35 [] 36776#14516: *1 [lua] jwt-auth.lua:1: this is a log string from lua, client: 127.0.0.1, server: localhost, request: "GET /api HTTP/1.1", host: "localhost"
2022/08/23 22:25:28 [error] 29160#21072: *1 failed to load external Lua file "C://luaProgram/openresty-1.21.4.1-win64/lualib/resty/jwt-auth.lua": ...ogram/openresty-1.21.4.1-win64/lualib/resty/jwt-auth.lua:2: '=' expected near '<eof>', client: 127.0.0.1, server: localhost, request: "GET /api HTTP/1.1", host: "localhost"
2022/08/23 22:28:21 [error] 36080#36108: *1 failed to load external Lua file "C://luaProgram/openresty-1.21.4.1-win64/lualib/resty/jwt-auth.lua": ...ogram/openresty-1.21.4.1-win64/lualib/resty/jwt-auth.lua:3: 'end' expected (to close 'if' at line 2) near '<eof>', client: 127.0.0.1, server: localhost, request: "GET /api HTTP/1.1", host: "localhost"
2022/08/23 22:28:52 [] 29968#23792: *1 [lua] jwt-auth.lua:1: this is a log string from lua, client: 127.0.0.1, server: localhost, request: "GET /api HTTP/1.1", host: "localhost"
2022/08/23 22:28:52 [error] 29968#23792: *1 lua entry thread aborted: runtime error: ...ogram/openresty-1.21.4.1-win64/lualib/resty/jwt-auth.lua:2: bad argument #2 to 'match' (string expected, got nil)
stack traceback:
coroutine 0:
	[C]: in function 'match'
	...ogram/openresty-1.21.4.1-win64/lualib/resty/jwt-auth.lua:2: in main chunk, client: 127.0.0.1, server: localhost, request: "GET /api HTTP/1.1", host: "localhost"
2022/08/23 22:29:53 [] 17576#37824: *1 [lua] jwt-auth.lua:1: this is a log string from lua, client: 127.0.0.1, server: localhost, request: "GET /api HTTP/1.1", host: "localhost"
2022/08/23 22:32:03 [] 14844#5512: *1 [lua] jwt-auth.lua:1: this is a log string from lua, client: 127.0.0.1, server: localhost, request: "GET /api HTTP/1.1", host: "localhost"
2022/08/23 22:32:03 [error] 14844#5512: *1 lua entry thread aborted: runtime error: ...ogram/openresty-1.21.4.1-win64/lualib/resty/jwt-auth.lua:2: module 'resty.jwt' not found:
	no field package.preload['resty.jwt']
	no file './site/lualib/resty\jwt.ljbc'
	no file './site/lualib/resty\jwt/init.ljbc'
	no file './lualib/resty\jwt.ljbc'
	no file './lualib/resty\jwt/init.ljbc'
	no file './site/lualib/resty\jwt.lua'
	no file './site/lualib/resty\jwt/init.lua'
	no file './lualib/resty\jwt.lua'
	no file './lualib/resty\jwt/init.lua'
	no file '.\resty\jwt.lua'
	no file 'C:\luaProgram\openresty-1.21.4.1-win64\lualib\resty\jwt.lua'
	no file 'C:\luaProgram\openresty-1.21.4.1-win64\lua\resty\jwt.lua'
	no file 'C:\luaProgram\openresty-1.21.4.1-win64\lua\resty\jwt\init.lua'
	no file './site/lualib/resty\jwt.so'
	no file './lualib/resty\jwt.so'
	no file '.\resty\jwt.dll'
	no file 'C:\luaProgram\openresty-1.21.4.1-win64\lualib\resty\jwt.so'
	no file 'C:\luaProgram\openresty-1.21.4.1-win64\resty\jwt.dll'
	no file 'C:\luaProgram\openresty-1.21.4.1-win64\loadall.dll'
	no file './site/lualib/resty.so'
	no file './lualib/resty.so'
	no file '.\resty.dll'
	no file 'C:\luaProgram\openresty-1.21.4.1-win64\lualib\resty.so'
	no file 'C:\luaProgram\openresty-1.21.4.1-win64\resty.dll'
	no file 'C:\luaProgram\openresty-1.21.4.1-win64\loadall.dll'
stack traceback:
coroutine 0:
	[C]: in function 'require'
	...ogram/openresty-1.21.4.1-win64/lualib/resty/jwt-auth.lua:2: in main chunk, client: 127.0.0.1, server: localhost, request: "GET /api HTTP/1.1", host: "localhost"
2022/08/23 22:34:14 [] 14844#5512: *3 [lua] jwt-auth.lua:1: this is a log string from lua, client: 127.0.0.1, server: localhost, request: "GET /api HTTP/1.1", host: "localhost"
2022/08/23 22:35:30 [error] 31792#33836: *1 failed to load external Lua file "C://luaProgram/openresty-1.21.4.1-win64/lualib/resty/jwt-auth.lua": ...ogram/openresty-1.21.4.1-win64/lualib/resty/jwt-auth.lua:7: malformed number near '8”', client: 127.0.0.1, server: localhost, request: "GET /api HTTP/1.1", host: "localhost"
2022/08/23 22:36:27 [] 24852#31468: *1 [lua] jwt-auth.lua:1: this is a log string from lua, client: 127.0.0.1, server: localhost, request: "GET /api HTTP/1.1", host: "localhost"
2022/08/23 22:39:22 [] 23452#10020: *1 [lua] jwt-auth.lua:1: this is a log string from lua, client: 127.0.0.1, server: localhost, request: "GET /api HTTP/1.1", host: "localhost"
2022/08/23 23:27:34 [] 23452#10020: *3 [lua] jwt-auth.lua:1: this is a log string from lua, client: 127.0.0.1, server: localhost, request: "GET /api HTTP/1.1", host: "localhost"
2022/08/23 23:27:34 [error] 23452#10020: *3 lua entry thread aborted: runtime error: ...ogram/openresty-1.21.4.1-win64/lualib/resty/jwt-auth.lua:12: attempt to index global 'validators' (a nil value)
stack traceback:
coroutine 0:
	...ogram/openresty-1.21.4.1-win64/lualib/resty/jwt-auth.lua: in main chunk, client: 127.0.0.1, server: localhost, request: "GET /api HTTP/1.1", host: "localhost"
2022/08/23 23:43:46 [] 28044#33388: *1 [lua] jwt-auth.lua:1: this is a log string from lua, client: 127.0.0.1, server: localhost, request: "GET /api HTTP/1.1", host: "localhost"
2022/08/23 23:43:52 [] 28044#33388: *3 [lua] jwt-auth.lua:1: this is a log string from lua, client: 127.0.0.1, server: localhost, request: "GET /api HTTP/1.1", host: "localhost"
2022/08/23 23:44:50 [] 28044#33388: *3 [lua] jwt-auth.lua:1: this is a log string from lua, client: 127.0.0.1, server: localhost, request: "GET /api HTTP/1.1", host: "localhost"
2022/08/23 23:46:54 [] 12296#24776: *1 [lua] jwt-auth.lua:1: this is a log string from lua, client: 127.0.0.1, server: localhost, request: "GET /api HTTP/1.1", host: "localhost"
2022/08/23 23:47:16 [] 12296#24776: *1 [lua] jwt-auth.lua:1: this is a log string from lua, client: 127.0.0.1, server: localhost, request: "GET /api HTTP/1.1", host: "localhost"
2022/08/23 23:49:44 [error] 12296#24776: *2 CreateFile() "./html/omni-tracking/trkcfg.txt" failed (3: The system cannot find the path specified), client: 127.0.0.1, server: localhost, request: "GET /omni-tracking/trkcfg.txt HTTP/1.1", host: "ipm.corel.com"
2022/08/23 23:50:25 [] 2292#19088: *1 [lua] jwt-auth.lua:1: this is a log string from lua, client: 127.0.0.1, server: localhost, request: "GET /api HTTP/1.1", host: "localhost"
2022/08/23 23:50:25 [error] 2292#19088: *1 lua entry thread aborted: runtime error: Cannot create validator for nil claim_keys.
stack traceback:
coroutine 0:
	[C]: in function 'error'
	./lualib/resty\jwt-validators.lua:49: in function 'ensure_not_nil'
	./lualib/resty\jwt-validators.lua:175: in function 'require_one_of'
	...ogram/openresty-1.21.4.1-win64/lualib/resty/jwt-auth.lua:13: in main chunk, client: 127.0.0.1, server: localhost, request: "GET /api HTTP/1.1", host: "localhost"
2022/08/23 23:51:40 [] 15852#34596: *1 [lua] jwt-auth.lua:1: this is a log string from lua, client: 127.0.0.1, server: localhost, request: "GET /api HTTP/1.1", host: "localhost"
2022/08/23 23:52:02 [] 30804#27848: *1 [lua] jwt-auth.lua:1: this is a log string from lua, client: 127.0.0.1, server: localhost, request: "GET /api HTTP/1.1", host: "localhost"
2022/08/23 23:52:03 [] 30804#27848: *1 [lua] jwt-auth.lua:1: this is a log string from lua, client: 127.0.0.1, server: localhost, request: "GET /api HTTP/1.1", host: "localhost"
2022/08/23 23:52:25 [] 30804#27848: *1 [lua] jwt-auth.lua:1: this is a log string from lua, client: 127.0.0.1, server: localhost, request: "GET /api HTTP/1.1", host: "localhost"
2022/08/23 23:52:37 [] 30804#27848: *1 [lua] jwt-auth.lua:1: this is a log string from lua, client: 127.0.0.1, server: localhost, request: "GET /api HTTP/1.1", host: "localhost"
2022/08/23 23:53:22 [] 23264#8736: *1 [lua] jwt-auth.lua:1: this is a log string from lua, client: 127.0.0.1, server: localhost, request: "GET /api HTTP/1.1", host: "localhost"
2022/08/23 23:53:22 [error] 23264#8736: *1 lua entry thread aborted: runtime error: ...ogram/openresty-1.21.4.1-win64/lualib/resty/jwt-auth.lua:16: bad argument #1 to 'log' (expected table to have __tostring metamethod)
stack traceback:
coroutine 0:
	[C]: in function 'log'
	...ogram/openresty-1.21.4.1-win64/lualib/resty/jwt-auth.lua:16: in main chunk, client: 127.0.0.1, server: localhost, request: "GET /api HTTP/1.1", host: "localhost"
2022/08/23 23:54:24 [] 21680#37040: *1 [lua] jwt-auth.lua:1: this is a log string from lua, client: 127.0.0.1, server: localhost, request: "GET /api HTTP/1.1", host: "localhost"
2022/08/23 23:54:24 [] 21680#37040: *1 [lua] jwt-auth.lua:17: this is a log string from lua2, client: 127.0.0.1, server: localhost, request: "GET /api HTTP/1.1", host: "localhost"
2022/08/23 23:56:45 [] 21680#37040: *2 [lua] jwt-auth.lua:1: this is a log string from lua, client: 127.0.0.1, server: localhost, request: "GET /api HTTP/1.1", host: "localhost"
2022/08/23 23:56:45 [error] 21680#37040: *2 lua entry thread aborted: runtime error: ./lualib/resty\jwt.lua:696: bad argument #1 to 'pairs' (table expected, got number)
stack traceback:
coroutine 0:
	[C]: in function 'pairs'
	./lualib/resty\jwt.lua:696: in function 'validate_claims'
	./lualib/resty\jwt.lua:728: in function 'verify'
	...ogram/openresty-1.21.4.1-win64/lualib/resty/jwt-auth.lua:15: in main chunk, client: 127.0.0.1, server: localhost, request: "GET /api HTTP/1.1", host: "localhost"
2022/08/23 23:57:38 [] 36340#31748: *1 [lua] jwt-auth.lua:1: this is a log string from lua, client: 127.0.0.1, server: localhost, request: "GET /api HTTP/1.1", host: "localhost"
2022/08/23 23:57:38 [] 36340#31748: *1 [lua] jwt-auth.lua:17: this is a log string from lua2, client: 127.0.0.1, server: localhost, request: "GET /api HTTP/1.1", host: "localhost"
2022/08/23 23:58:33 [] 19932#35936: *1 [lua] jwt-auth.lua:1: this is a log string from lua, client: 127.0.0.1, server: localhost, request: "GET /api HTTP/1.1", host: "localhost"
2022/08/23 23:58:33 [error] 19932#35936: *1 lua entry thread aborted: runtime error: ...ogram/openresty-1.21.4.1-win64/lualib/resty/jwt-auth.lua:16: bad argument #1 to 'log' (expected table to have __tostring metamethod)
stack traceback:
coroutine 0:
	[C]: in function 'log'
	...ogram/openresty-1.21.4.1-win64/lualib/resty/jwt-auth.lua:16: in main chunk, client: 127.0.0.1, server: localhost, request: "GET /api HTTP/1.1", host: "localhost"
2022/08/23 23:59:05 [] 15356#36356: *1 [lua] jwt-auth.lua:1: this is a log string from lua, client: 127.0.0.1, server: localhost, request: "GET /api HTTP/1.1", host: "localhost"
2022/08/23 23:59:05 [error] 15356#36356: *1 lua entry thread aborted: runtime error: ...ogram/openresty-1.21.4.1-win64/lualib/resty/jwt-auth.lua:16: bad argument #1 to 'log' (number expected, got table)
stack traceback:
coroutine 0:
	[C]: in function 'log'
	...ogram/openresty-1.21.4.1-win64/lualib/resty/jwt-auth.lua:16: in main chunk, client: 127.0.0.1, server: localhost, request: "GET /api HTTP/1.1", host: "localhost"
2022/08/24 00:00:01 [] 35616#19608: *1 [lua] jwt-auth.lua:1: this is a log string from lua, client: 127.0.0.1, server: localhost, request: "GET /api HTTP/1.1", host: "localhost"
2022/08/24 00:00:01 [] 35616#19608: *1 [lua] jwt-auth.lua:16: eyJ0eXAiOiJKV1QiLCJhbGciOiJIUzM4NCJ9.eyJpc3MiOiJPbmxpbmUgSldUIEJ1aWxkZXIiLCJpYXQiOjE2NjEyODMzMDAsImV4cCI6MTY5Mjk5MjEwMCwiYXVkIjoid3d3LmV4YW1wbGUuY29tIiwic3ViIjoianJvY2tldEBleGFtcGxlLmNvbSIsIkdpdmVuTmFtZSI6IkpvaG5ueSIsIlN1cm5hbWUiOiJSb2NrZXQiLCJFbWFpbCI6Impyb2NrZXRAZXhhbXBsZS5jb20iLCJSb2xlIjpbIk1hbmFnZXIiLCJQcm9qZWN0IEFkbWluaXN0cmF0b3IiXX0.meucayAxR_8geOLVOp1kyAd12IM-ihzLKbIvYoiQTQ26sm7TFzZkPFJbGilYBM-q, client: 127.0.0.1, server: localhost, request: "GET /api HTTP/1.1", host: "localhost"
2022/08/24 00:00:01 [] 35616#19608: *1 [lua] jwt-auth.lua:18: this is a log string from lua2, client: 127.0.0.1, server: localhost, request: "GET /api HTTP/1.1", host: "localhost"
2022/08/24 00:01:13 [] 14712#35096: *1 [lua] jwt-auth.lua:1: this is a log string from lua, client: 127.0.0.1, server: localhost, request: "GET /api HTTP/1.1", host: "localhost"
2022/08/24 00:01:13 [] 14712#35096: *1 [lua] jwt-auth.lua:16: eyJ0eXAiOiJKV1QiLCJhbGciOiJIUzI1NiJ9.eyJpc3MiOiJPbmxpbmUgSldUIEJ1aWxkZXIiLCJpYXQiOjE2NjEyOTIwMzAsImV4cCI6MTY5MjgyODAzMCwiYXVkIjoid3d3LmV4YW1wbGUuY29tIiwic3ViIjoianJvY2tldEBleGFtcGxlLmNvbSIsIkdpdmVuTmFtZSI6IkpvaG5ueSIsIlN1cm5hbWUiOiJSb2NrZXQiLCJFbWFpbCI6Impyb2NrZXRAZXhhbXBsZS5jb20iLCJSb2xlIjpbIk1hbmFnZXIiLCJQcm9qZWN0IEFkbWluaXN0cmF0b3IiXX0.xyvr8DnGFxGGA2HmszYoRYaT_a7ioHYc9w4I-nTxnPM, client: 127.0.0.1, server: localhost, request: "GET /api HTTP/1.1", host: "localhost"
2022/08/24 00:01:13 [] 14712#35096: *1 [lua] jwt-auth.lua:18: this is a log string from lua2, client: 127.0.0.1, server: localhost, request: "GET /api HTTP/1.1", host: "localhost"
2022/08/24 00:02:32 [] 14712#35096: *2 [lua] jwt-auth.lua:1: this is a log string from lua, client: 127.0.0.1, server: localhost, request: "GET /api HTTP/1.1", host: "localhost"
2022/08/24 00:02:32 [] 14712#35096: *2 [lua] jwt-auth.lua:16: eyJ0eXAiOiJKV1QiLCJhbGciOiJIUzI1NiJ9.eyJpc3MiOiJPbmxpbmUgSldUIEJ1aWxkZXIiLCJpYXQiOjE2NjEyOTIwMzAsImV4cCI6MTY5MjgyODAzMCwiYXVkIjoid3d3LmV4YW1wbGUuY29tIiwic3ViIjoianJvY2tldEBleGFtcGxlLmNvbSIsIkdpdmVuTmFtZSI6IkpvaG5ueSIsIlN1cm5hbWUiOiJSb2NrZXQiLCJFbWFpbCI6Impyb2NrZXRAZXhhbXBsZS5jb20iLCJSb2xlIjpbIk1hbmFnZXIiLCJQcm9qZWN0IEFkbWluaXN0cmF0b3IiXX0.bYPWk6l6123yIigriHWuFvrqTwtii9KNpGaWXZqHddw, client: 127.0.0.1, server: localhost, request: "GET /api HTTP/1.1", host: "localhost"
2022/08/24 00:02:32 [] 14712#35096: *2 [lua] jwt-auth.lua:18: this is a log string from lua2, client: 127.0.0.1, server: localhost, request: "GET /api HTTP/1.1", host: "localhost"
2022/08/24 00:05:34 [] 25300#24968: *1 [lua] jwt-auth.lua:1: this is a log string from lua, client: 127.0.0.1, server: localhost, request: "GET /api HTTP/1.1", host: "localhost"
2022/08/24 00:05:34 [] 25300#24968: *1 [lua] jwt-auth.lua:16: eyJ0eXAiOiJKV1QiLCJhbGciOiJIUzI1NiJ9.eyJpc3MiOiJPbmxpbmUgSldUIEJ1aWxkZXIiLCJpYXQiOjE2NjEyOTIwMzAsImV4cCI6MTY5MjgyODAzMCwiYXVkIjoid3d3LmV4YW1wbGUuY29tIiwic3ViIjoianJvY2tldEBleGFtcGxlLmNvbSIsIkdpdmVuTmFtZSI6IkpvaG5ueSIsIlN1cm5hbWUiOiJSb2NrZXQiLCJFbWFpbCI6Impyb2NrZXRAZXhhbXBsZS5jb20iLCJSb2xlIjpbIk1hbmFnZXIiLCJQcm9qZWN0IEFkbWluaXN0cmF0b3IiXX0.bYPWk6l6123yIigriHWuFvrqTwtii9KNpGaWXZqHddw, client: 127.0.0.1, server: localhost, request: "GET /api HTTP/1.1", host: "localhost"
2022/08/24 00:05:34 [] 25300#24968: *1 [lua] jwt-auth.lua:18: this is a log string from lua2, client: 127.0.0.1, server: localhost, request: "GET /api HTTP/1.1", host: "localhost"
2022/08/24 00:08:06 [error] 34220#19788: *1 failed to load external Lua file "C://luaProgram/openresty-1.21.4.1-win64/lualib/resty/jwt-auth.lua": ...ogram/openresty-1.21.4.1-win64/lualib/resty/jwt-auth.lua:18: 'end' expected (to close 'if' at line 4) near 'if', client: 127.0.0.1, server: localhost, request: "GET /api HTTP/1.1", host: "localhost"
2022/08/24 00:08:59 [error] 32940#11524: *1 failed to load external Lua file "C://luaProgram/openresty-1.21.4.1-win64/lualib/resty/jwt-auth.lua": ...ogram/openresty-1.21.4.1-win64/lualib/resty/jwt-auth.lua:18: 'end' expected (to close 'if' at line 4) near 'ngx', client: 127.0.0.1, server: localhost, request: "GET /api HTTP/1.1", host: "localhost"
2022/08/24 00:09:54 [] 25468#20020: *1 [lua] jwt-auth.lua:1: this is a log string from lua, client: 127.0.0.1, server: localhost, request: "GET /api HTTP/1.1", host: "localhost"
2022/08/24 00:09:54 [] 25468#20020: *1 [lua] jwt-auth.lua:16: eyJ0eXAiOiJKV1QiLCJhbGciOiJIUzI1NiJ9.eyJpc3MiOiJPbmxpbmUgSldUIEJ1aWxkZXIiLCJpYXQiOjE2NjEyOTIwMzAsImV4cCI6MTY5MjgyODAzMCwiYXVkIjoid3d3LmV4YW1wbGUuY29tIiwic3ViIjoianJvY2tldEBleGFtcGxlLmNvbSIsIkdpdmVuTmFtZSI6IkpvaG5ueSIsIlN1cm5hbWUiOiJSb2NrZXQiLCJFbWFpbCI6Impyb2NrZXRAZXhhbXBsZS5jb20iLCJSb2xlIjpbIk1hbmFnZXIiLCJQcm9qZWN0IEFkbWluaXN0cmF0b3IiXX0.bYPWk6l6123yIigriHWuFvrqTwtii9KNpGaWXZqHddw, client: 127.0.0.1, server: localhost, request: "GET /api HTTP/1.1", host: "localhost"
2022/08/24 00:09:54 [error] 25468#20020: *1 lua entry thread aborted: runtime error: ...ogram/openresty-1.21.4.1-win64/lualib/resty/jwt-auth.lua:17: bad argument #1 to 'say' (non-array table found)
stack traceback:
coroutine 0:
	[C]: in function 'say'
	...ogram/openresty-1.21.4.1-win64/lualib/resty/jwt-auth.lua:17: in main chunk, client: 127.0.0.1, server: localhost, request: "GET /api HTTP/1.1", host: "localhost"
2022/08/24 00:11:19 [] 36820#3708: *1 [lua] jwt-auth.lua:1: this is a log string from lua, client: 127.0.0.1, server: localhost, request: "GET /api HTTP/1.1", host: "localhost"
2022/08/24 00:11:19 [] 36820#3708: *1 [lua] jwt-auth.lua:16: eyJ0eXAiOiJKV1QiLCJhbGciOiJIUzI1NiJ9.eyJpc3MiOiJPbmxpbmUgSldUIEJ1aWxkZXIiLCJpYXQiOjE2NjEyOTIwMzAsImV4cCI6MTY5MjgyODAzMCwiYXVkIjoid3d3LmV4YW1wbGUuY29tIiwic3ViIjoianJvY2tldEBleGFtcGxlLmNvbSIsIkdpdmVuTmFtZSI6IkpvaG5ueSIsIlN1cm5hbWUiOiJSb2NrZXQiLCJFbWFpbCI6Impyb2NrZXRAZXhhbXBsZS5jb20iLCJSb2xlIjpbIk1hbmFnZXIiLCJQcm9qZWN0IEFkbWluaXN0cmF0b3IiXX0.bYPWk6l6123yIigriHWuFvrqTwtii9KNpGaWXZqHddw, client: 127.0.0.1, server: localhost, request: "GET /api HTTP/1.1", host: "localhost"
2022/08/24 00:11:19 [] 36820#3708: *1 [lua] jwt-auth.lua:19: this is a log string from lua2, client: 127.0.0.1, server: localhost, request: "GET /api HTTP/1.1", host: "localhost"
2022/08/24 00:12:33 [] 36820#3708: *2 [lua] jwt-auth.lua:1: this is a log string from lua, client: 127.0.0.1, server: localhost, request: "GET /api HTTP/1.1", host: "localhost"
2022/08/24 00:12:33 [] 36820#3708: *2 [lua] jwt-auth.lua:16: eyJ0eXAiOiJKV1QiLCJhbGciOiJIUzI1NiJ9.eyJpc3MiOiJPbmxpbmUgSldUIEJ1aWxkZXIiLCJpYXQiOjE2NjEyOTIwMzAsImV4cCI6MTY5MjgyODAzMCwiYXVkIjoid3d3LmV4YW1wbGUuY29tIiwic3ViIjoianJvY2tldEBleGFtcGxlLmNvbSIsIkdpdmVuTmFtZSI6IkpvaG5ueSIsIlN1cm5hbWUiOiJSb2NrZXQiLCJFbWFpbCI6Impyb2NrZXRAZXhhbXBsZS5jb20iLCJSb2xlIjpbIk1hbmFnZXIiLCJQcm9qZWN0IEFkbWluaXN0cmF0b3IiXX0.bYPWk6l6123yIigriHWuFvrqTwtii9KNpGaWXZqHddw, client: 127.0.0.1, server: localhost, request: "GET /api HTTP/1.1", host: "localhost"
2022/08/24 00:12:33 [] 36820#3708: *2 [lua] jwt-auth.lua:19: this is a log string from lua2, client: 127.0.0.1, server: localhost, request: "GET /api HTTP/1.1", host: "localhost"
2022/08/24 00:17:58 [] 4620#36588: *1 [lua] jwt-auth.lua:1: this is a log string from lua, client: 127.0.0.1, server: localhost, request: "GET /api HTTP/1.1", host: "localhost"
2022/08/24 00:17:58 [] 4620#36588: *1 [lua] jwt-auth.lua:16: eyJ0eXAiOiJKV1QiLCJhbGciOiJIUzI1NiJ9.eyJpc3MiOiJPbmxpbmUgSldUIEJ1aWxkZXIiLCJpYXQiOjE2NjEyOTIwMzAsImV4cCI6MTY5MjgyODAzMCwiYXVkIjoid3d3LmV4YW1wbGUuY29tIiwic3ViIjoianJvY2tldEBleGFtcGxlLmNvbSIsIkdpdmVuTmFtZSI6IkpvaG5ueSIsIlN1cm5hbWUiOiJSb2NrZXQiLCJFbWFpbCI6Impyb2NrZXRAZXhhbXBsZS5jb20iLCJSb2xlIjpbIk1hbmFnZXIiLCJQcm9qZWN0IEFkbWluaXN0cmF0b3IiXX0.bYPWk6l6123yIigriHWuFvrqTwtii9KNpGaWXZqHddw, client: 127.0.0.1, server: localhost, request: "GET /api HTTP/1.1", host: "localhost"
2022/08/24 00:17:58 [] 4620#36588: *1 [lua] jwt-auth.lua:17: false, client: 127.0.0.1, server: localhost, request: "GET /api HTTP/1.1", host: "localhost"
2022/08/24 00:17:58 [] 4620#36588: *1 [lua] jwt-auth.lua:19: this is a log string from lua2, client: 127.0.0.1, server: localhost, request: "GET /api HTTP/1.1", host: "localhost"
2022/08/24 00:20:48 [] 35048#10516: *1 [lua] jwt-auth.lua:1: this is a log string from lua, client: 127.0.0.1, server: localhost, request: "GET /api HTTP/1.1", host: "localhost"
2022/08/24 00:20:48 [] 35048#10516: *1 [lua] jwt-auth.lua:16: eyJ0eXAiOiJKV1QiLCJhbGciOiJIUzI1NiJ9.eyJpc3MiOiJPbmxpbmUgSldUIEJ1aWxkZXIiLCJpYXQiOjE2NjEyOTIwMzAsImV4cCI6MTY5MjgyODAzMCwiYXVkIjoid3d3LmV4YW1wbGUuY29tIiwic3ViIjoianJvY2tldEBleGFtcGxlLmNvbSIsIkdpdmVuTmFtZSI6IkpvaG5ueSIsIlN1cm5hbWUiOiJSb2NrZXQiLCJFbWFpbCI6Impyb2NrZXRAZXhhbXBsZS5jb20iLCJSb2xlIjpbIk1hbmFnZXIiLCJQcm9qZWN0IEFkbWluaXN0cmF0b3IiXX0.bYPWk6l6123yIigriHWuFvrqTwtii9KNpGaWXZqHddw, client: 127.0.0.1, server: localhost, request: "GET /api HTTP/1.1", host: "localhost"
2022/08/24 00:20:48 [] 35048#10516: *1 [lua] jwt-auth.lua:17: false, client: 127.0.0.1, server: localhost, request: "GET /api HTTP/1.1", host: "localhost"
2022/08/24 00:20:48 [] 35048#10516: *1 [lua] jwt-auth.lua:19: this is a log string from lua2, client: 127.0.0.1, server: localhost, request: "GET /api HTTP/1.1", host: "localhost"
2022/08/24 00:23:07 [] 34012#36708: *1 [lua] jwt-auth.lua:1: this is a log string from lua, client: 127.0.0.1, server: localhost, request: "GET /api HTTP/1.1", host: "localhost"
2022/08/24 00:23:07 [] 34012#36708: *1 [lua] jwt-auth.lua:16: eyJ0eXAiOiJKV1QiLCJhbGciOiJIUzI1NiJ9.eyJpc3MiOiJPbmxpbmUgSldUIEJ1aWxkZXIiLCJpYXQiOjE2NjEyOTIwMzAsImV4cCI6MTY5MjgyODAzMCwiYXVkIjoid3d3LmV4YW1wbGUuY29tIiwic3ViIjoianJvY2tldEBleGFtcGxlLmNvbSIsIkdpdmVuTmFtZSI6IkpvaG5ueSIsIlN1cm5hbWUiOiJSb2NrZXQiLCJFbWFpbCI6Impyb2NrZXRAZXhhbXBsZS5jb20iLCJSb2xlIjpbIk1hbmFnZXIiLCJQcm9qZWN0IEFkbWluaXN0cmF0b3IiXX0.bYPWk6l6123yIigriHWuFvrqTwtii9KNpGaWXZqHddw, client: 127.0.0.1, server: localhost, request: "GET /api HTTP/1.1", host: "localhost"
2022/08/24 00:23:07 [] 34012#36708: *1 [lua] jwt-auth.lua:17: false, client: 127.0.0.1, server: localhost, request: "GET /api HTTP/1.1", host: "localhost"
2022/08/24 00:23:07 [error] 34012#36708: *1 lua entry thread aborted: runtime error: ...ogram/openresty-1.21.4.1-win64/lualib/resty/jwt-auth.lua:18: bad argument #1 to 'say' (non-array table found)
stack traceback:
coroutine 0:
	[C]: in function 'say'
	...ogram/openresty-1.21.4.1-win64/lualib/resty/jwt-auth.lua:18: in main chunk, client: 127.0.0.1, server: localhost, request: "GET /api HTTP/1.1", host: "localhost"
2022/08/24 00:25:42 [] 23080#30364: *1 [lua] jwt-auth.lua:1: this is a log string from lua, client: 127.0.0.1, server: localhost, request: "GET /api HTTP/1.1", host: "localhost"
2022/08/24 00:25:42 [] 23080#30364: *1 [lua] jwt-auth.lua:28: eyJ0eXAiOiJKV1QiLCJhbGciOiJIUzI1NiJ9.eyJpc3MiOiJPbmxpbmUgSldUIEJ1aWxkZXIiLCJpYXQiOjE2NjEyOTIwMzAsImV4cCI6MTY5MjgyODAzMCwiYXVkIjoid3d3LmV4YW1wbGUuY29tIiwic3ViIjoianJvY2tldEBleGFtcGxlLmNvbSIsIkdpdmVuTmFtZSI6IkpvaG5ueSIsIlN1cm5hbWUiOiJSb2NrZXQiLCJFbWFpbCI6Impyb2NrZXRAZXhhbXBsZS5jb20iLCJSb2xlIjpbIk1hbmFnZXIiLCJQcm9qZWN0IEFkbWluaXN0cmF0b3IiXX0.bYPWk6l6123yIigriHWuFvrqTwtii9KNpGaWXZqHddw, client: 127.0.0.1, server: localhost, request: "GET /api HTTP/1.1", host: "localhost"
2022/08/24 00:25:42 [] 23080#30364: *1 [lua] jwt-auth.lua:29: false, client: 127.0.0.1, server: localhost, request: "GET /api HTTP/1.1", host: "localhost"
2022/08/24 00:25:42 [error] 23080#30364: *1 lua entry thread aborted: runtime error: ...ogram/openresty-1.21.4.1-win64/lualib/resty/jwt-auth.lua:30: bad argument #1 to 'print' (non-array table found)
stack traceback:
coroutine 0:
	[C]: in function 'print'
	...ogram/openresty-1.21.4.1-win64/lualib/resty/jwt-auth.lua:30: in main chunk, client: 127.0.0.1, server: localhost, request: "GET /api HTTP/1.1", host: "localhost"
2022/08/24 00:28:16 [] 24288#37684: *1 [lua] jwt-auth.lua:1: this is a log string from lua, client: 127.0.0.1, server: localhost, request: "GET /api HTTP/1.1", host: "localhost"
2022/08/24 00:28:16 [] 24288#37684: *1 [lua] jwt-auth.lua:29: eyJ0eXAiOiJKV1QiLCJhbGciOiJIUzI1NiJ9.eyJpc3MiOiJPbmxpbmUgSldUIEJ1aWxkZXIiLCJpYXQiOjE2NjEyOTIwMzAsImV4cCI6MTY5MjgyODAzMCwiYXVkIjoid3d3LmV4YW1wbGUuY29tIiwic3ViIjoianJvY2tldEBleGFtcGxlLmNvbSIsIkdpdmVuTmFtZSI6IkpvaG5ueSIsIlN1cm5hbWUiOiJSb2NrZXQiLCJFbWFpbCI6Impyb2NrZXRAZXhhbXBsZS5jb20iLCJSb2xlIjpbIk1hbmFnZXIiLCJQcm9qZWN0IEFkbWluaXN0cmF0b3IiXX0.bYPWk6l6123yIigriHWuFvrqTwtii9KNpGaWXZqHddw, client: 127.0.0.1, server: localhost, request: "GET /api HTTP/1.1", host: "localhost"
2022/08/24 00:28:16 [] 24288#37684: *1 [lua] jwt-auth.lua:30: false, client: 127.0.0.1, server: localhost, request: "GET /api HTTP/1.1", host: "localhost"
2022/08/24 00:28:16 [error] 24288#37684: *1 lua entry thread aborted: runtime error: ...ogram/openresty-1.21.4.1-win64/lualib/resty/jwt-auth.lua:31: bad argument #1 to 'decode' (string expected, got table)
stack traceback:
coroutine 0:
	[C]: in function 'decode'
	...ogram/openresty-1.21.4.1-win64/lualib/resty/jwt-auth.lua:31: in main chunk, client: 127.0.0.1, server: localhost, request: "GET /api HTTP/1.1", host: "localhost"
2022/08/24 00:30:20 [] 11876#37548: *1 [lua] jwt-auth.lua:1: this is a log string from lua, client: 127.0.0.1, server: localhost, request: "GET /api HTTP/1.1", host: "localhost"
2022/08/24 00:30:20 [] 11876#37548: *1 [lua] jwt-auth.lua:29: eyJ0eXAiOiJKV1QiLCJhbGciOiJIUzI1NiJ9.eyJpc3MiOiJPbmxpbmUgSldUIEJ1aWxkZXIiLCJpYXQiOjE2NjEyOTIwMzAsImV4cCI6MTY5MjgyODAzMCwiYXVkIjoid3d3LmV4YW1wbGUuY29tIiwic3ViIjoianJvY2tldEBleGFtcGxlLmNvbSIsIkdpdmVuTmFtZSI6IkpvaG5ueSIsIlN1cm5hbWUiOiJSb2NrZXQiLCJFbWFpbCI6Impyb2NrZXRAZXhhbXBsZS5jb20iLCJSb2xlIjpbIk1hbmFnZXIiLCJQcm9qZWN0IEFkbWluaXN0cmF0b3IiXX0.bYPWk6l6123yIigriHWuFvrqTwtii9KNpGaWXZqHddw, client: 127.0.0.1, server: localhost, request: "GET /api HTTP/1.1", host: "localhost"
2022/08/24 00:30:20 [] 11876#37548: *1 [lua] jwt-auth.lua:30: false, client: 127.0.0.1, server: localhost, request: "GET /api HTTP/1.1", host: "localhost"
2022/08/24 00:30:20 [] 11876#37548: *1 [lua] jwt-auth.lua:33: this is a log string from lua2, client: 127.0.0.1, server: localhost, request: "GET /api HTTP/1.1", host: "localhost"
2022/08/24 00:30:20 [error] 11876#37548: *1 attempt to set ngx.status after sending out response headers, client: 127.0.0.1, server: localhost, request: "GET /api HTTP/1.1", host: "localhost"
2022/08/24 00:30:20 [error] 11876#37548: *1 attempt to set ngx.header.HEADER after sending out response headers, client: 127.0.0.1, server: localhost, request: "GET /api HTTP/1.1", host: "localhost"
2022/08/24 00:30:20 [error] 11876#37548: *1 attempt to set status 401 via ngx.exit after sending out the response status 200, client: 127.0.0.1, server: localhost, request: "GET /api HTTP/1.1", host: "localhost"
2022/08/24 00:31:15 [] 31748#33964: *1 [lua] jwt-auth.lua:1: this is a log string from lua, client: 127.0.0.1, server: localhost, request: "GET /api HTTP/1.1", host: "localhost"
2022/08/24 00:31:15 [] 31748#33964: *1 [lua] jwt-auth.lua:29: eyJ0eXAiOiJKV1QiLCJhbGciOiJIUzI1NiJ9.eyJpc3MiOiJPbmxpbmUgSldUIEJ1aWxkZXIiLCJpYXQiOjE2NjEyOTIwMzAsImV4cCI6MTY5MjgyODAzMCwiYXVkIjoid3d3LmV4YW1wbGUuY29tIiwic3ViIjoianJvY2tldEBleGFtcGxlLmNvbSIsIkdpdmVuTmFtZSI6IkpvaG5ueSIsIlN1cm5hbWUiOiJSb2NrZXQiLCJFbWFpbCI6Impyb2NrZXRAZXhhbXBsZS5jb20iLCJSb2xlIjpbIk1hbmFnZXIiLCJQcm9qZWN0IEFkbWluaXN0cmF0b3IiXX0.bYPWk6l6123yIigriHWuFvrqTwtii9KNpGaWXZqHddw, client: 127.0.0.1, server: localhost, request: "GET /api HTTP/1.1", host: "localhost"
2022/08/24 00:31:15 [] 31748#33964: *1 [lua] jwt-auth.lua:30: false, client: 127.0.0.1, server: localhost, request: "GET /api HTTP/1.1", host: "localhost"
2022/08/24 00:31:15 [] 31748#33964: *1 [lua] jwt-auth.lua:33: this is a log string from lua2, client: 127.0.0.1, server: localhost, request: "GET /api HTTP/1.1", host: "localhost"
2022/08/24 00:31:15 [error] 31748#33964: *1 attempt to set ngx.status after sending out response headers, client: 127.0.0.1, server: localhost, request: "GET /api HTTP/1.1", host: "localhost"
2022/08/24 00:31:15 [error] 31748#33964: *1 attempt to set ngx.header.HEADER after sending out response headers, client: 127.0.0.1, server: localhost, request: "GET /api HTTP/1.1", host: "localhost"
2022/08/24 00:31:15 [error] 31748#33964: *1 attempt to set status 401 via ngx.exit after sending out the response status 200, client: 127.0.0.1, server: localhost, request: "GET /api HTTP/1.1", host: "localhost"
2022/08/24 00:33:10 [] 31748#33964: *2 [lua] jwt-auth.lua:1: this is a log string from lua, client: 127.0.0.1, server: localhost, request: "GET /api HTTP/1.1", host: "localhost"
2022/08/24 00:33:10 [] 31748#33964: *2 [lua] jwt-auth.lua:29: eyJ0eXAiOiJKV1QiLCJhbGciOiJIUzI1NiJ9.eyJpc3MiOiJPbmxpbmUgSldUIEJ1aWxkZXIiLCJpYXQiOjE2NjEyOTIwMzAsImV4cCI6MTY5MjgyODAzMCwiYXVkIjoid3d3LmV4YW1wbGUuY29tIiwic3ViIjoianJvY2tldEBleGFtcGxlLmNvbSIsIkdpdmVuTmFtZSI6IkpvaG5ueSIsIlN1cm5hbWUiOiJSb2NrZXQiLCJFbWFpbCI6Impyb2NrZXRAZXhhbXBsZS5jb20iLCJSb2xlIjpbIk1hbmFnZXIiLCJQcm9qZWN0IEFkbWluaXN0cmF0b3IiXX0.cvWVEDOzKRJ8RNWaEVy5oqwu0VZKXJBfZMLJmouEtbU, client: 127.0.0.1, server: localhost, request: "GET /api HTTP/1.1", host: "localhost"
2022/08/24 00:33:10 [] 31748#33964: *2 [lua] jwt-auth.lua:30: false, client: 127.0.0.1, server: localhost, request: "GET /api HTTP/1.1", host: "localhost"
2022/08/24 00:33:10 [] 31748#33964: *2 [lua] jwt-auth.lua:33: this is a log string from lua2, client: 127.0.0.1, server: localhost, request: "GET /api HTTP/1.1", host: "localhost"
2022/08/24 00:33:10 [error] 31748#33964: *2 attempt to set ngx.status after sending out response headers, client: 127.0.0.1, server: localhost, request: "GET /api HTTP/1.1", host: "localhost"
2022/08/24 00:33:10 [error] 31748#33964: *2 attempt to set ngx.header.HEADER after sending out response headers, client: 127.0.0.1, server: localhost, request: "GET /api HTTP/1.1", host: "localhost"
2022/08/24 00:33:10 [error] 31748#33964: *2 attempt to set status 401 via ngx.exit after sending out the response status 200, client: 127.0.0.1, server: localhost, request: "GET /api HTTP/1.1", host: "localhost"
2022/08/24 00:33:20 [] 31748#33964: *3 [lua] jwt-auth.lua:1: this is a log string from lua, client: 127.0.0.1, server: localhost, request: "GET /api HTTP/1.1", host: "localhost"
2022/08/24 00:33:20 [] 31748#33964: *3 [lua] jwt-auth.lua:29: Bearer eyJ0eXAiOiJKV1QiLCJhbGciOiJIUzI1NiJ9.eyJpc3MiOiJPbmxpbmUgSldUIEJ1aWxkZXIiLCJpYXQiOjE2NjEyOTIwMzAsImV4cCI6MTY5MjgyODAzMCwiYXVkIjoid3d3LmV4YW1wbGUuY29tIiwic3ViIjoianJvY2tldEBleGFtcGxlLmNvbSIsIkdpdmVuTmFtZSI6IkpvaG5ueSIsIlN1cm5hbWUiOiJSb2NrZXQiLCJFbWFpbCI6Impyb2NrZXRAZXhhbXBsZS5jb20iLCJSb2xlIjpbIk1hbmFnZXIiLCJQcm9qZWN0IEFkbWluaXN0cmF0b3IiXX0.cvWVEDOzKRJ8RNWaEVy5oqwu0VZKXJBfZMLJmouEtbU, client: 127.0.0.1, server: localhost, request: "GET /api HTTP/1.1", host: "localhost"
2022/08/24 00:33:20 [] 31748#33964: *3 [lua] jwt-auth.lua:30: false, client: 127.0.0.1, server: localhost, request: "GET /api HTTP/1.1", host: "localhost"
2022/08/24 00:33:20 [] 31748#33964: *3 [lua] jwt-auth.lua:33: this is a log string from lua2, client: 127.0.0.1, server: localhost, request: "GET /api HTTP/1.1", host: "localhost"
2022/08/24 00:33:20 [error] 31748#33964: *3 attempt to set ngx.status after sending out response headers, client: 127.0.0.1, server: localhost, request: "GET /api HTTP/1.1", host: "localhost"
2022/08/24 00:33:20 [error] 31748#33964: *3 attempt to set ngx.header.HEADER after sending out response headers, client: 127.0.0.1, server: localhost, request: "GET /api HTTP/1.1", host: "localhost"
2022/08/24 00:33:20 [error] 31748#33964: *3 attempt to set status 401 via ngx.exit after sending out the response status 200, client: 127.0.0.1, server: localhost, request: "GET /api HTTP/1.1", host: "localhost"
2022/08/24 00:33:30 [] 31748#33964: *4 [lua] jwt-auth.lua:1: this is a log string from lua, client: 127.0.0.1, server: localhost, request: "GET /api HTTP/1.1", host: "localhost"
2022/08/24 00:33:30 [] 31748#33964: *4 [lua] jwt-auth.lua:29: Bearer eyJ0eXAiOiJKV1QiLCJhbGciOiJIUzI1NiJ9.eyJpc3MiOiJPbmxpbmUgSldUIEJ1aWxkZXIiLCJpYXQiOjE2NjEyOTIwMzAsImV4cCI6MTY5MjgyODAzMCwiYXVkIjoid3d3LmV4YW1wbGUuY29tIiwic3ViIjoianJvY2tldEBleGFtcGxlLmNvbSIsIkdpdmVuTmFtZSI6IkpvaG5ueSIsIlN1cm5hbWUiOiJSb2NrZXQiLCJFbWFpbCI6Impyb2NrZXRAZXhhbXBsZS5jb20iLCJSb2xlIjpbIk1hbmFnZXIiLCJQcm9qZWN0IEFkbWluaXN0cmF0b3IiXX0.cvWVEDOzKRJ8RNWaEVy5oqwu0VZKXJBfZMLJmouEtbU, client: 127.0.0.1, server: localhost, request: "GET /api HTTP/1.1", host: "localhost"
2022/08/24 00:33:30 [] 31748#33964: *4 [lua] jwt-auth.lua:30: false, client: 127.0.0.1, server: localhost, request: "GET /api HTTP/1.1", host: "localhost"
2022/08/24 00:33:30 [] 31748#33964: *4 [lua] jwt-auth.lua:33: this is a log string from lua2, client: 127.0.0.1, server: localhost, request: "GET /api HTTP/1.1", host: "localhost"
2022/08/24 00:33:30 [error] 31748#33964: *4 attempt to set ngx.status after sending out response headers, client: 127.0.0.1, server: localhost, request: "GET /api HTTP/1.1", host: "localhost"
2022/08/24 00:33:30 [error] 31748#33964: *4 attempt to set ngx.header.HEADER after sending out response headers, client: 127.0.0.1, server: localhost, request: "GET /api HTTP/1.1", host: "localhost"
2022/08/24 00:33:30 [error] 31748#33964: *4 attempt to set status 401 via ngx.exit after sending out the response status 200, client: 127.0.0.1, server: localhost, request: "GET /api HTTP/1.1", host: "localhost"
2022/08/24 00:33:38 [] 31748#33964: *5 [lua] jwt-auth.lua:1: this is a log string from lua, client: 127.0.0.1, server: localhost, request: "GET /api HTTP/1.1", host: "localhost"
