2022/08/24 00:33:38 [] 31748#33964: *5 [lua] jwt-auth.lua:29: eyJ0eXAiOiJKV1QiLCJhbGciOiJIUzI1NiJ9.eyJpc3MiOiJPbmxpbmUgSldUIEJ1aWxkZXIiLCJpYXQiOjE2NjEyOTIwMzAsImV4cCI6MTY5MjgyODAzMCwiYXVkIjoid3d3LmV4YW1wbGUuY29tIiwic3ViIjoianJvY2tldEBleGFtcGxlLmNvbSIsIkdpdmVuTmFtZSI6IkpvaG5ueSIsIlN1cm5hbWUiOiJSb2NrZXQiLCJFbWFpbCI6Impyb2NrZXRAZXhhbXBsZS5jb20iLCJSb2xlIjpbIk1hbmFnZXIiLCJQcm9qZWN0IEFkbWluaXN0cmF0b3IiXX0.cvWVEDOzKRJ8RNWaEVy5oqwu0VZKXJBfZMLJmouEtbU, client: 127.0.0.1, server: localhost, request: "GET /api HTTP/1.1", host: "localhost"
2022/08/24 00:33:38 [] 31748#33964: *5 [lua] jwt-auth.lua:30: false, client: 127.0.0.1, server: localhost, request: "GET /api HTTP/1.1", host: "localhost"
2022/08/24 00:33:38 [] 31748#33964: *5 [lua] jwt-auth.lua:33: this is a log string from lua2, client: 127.0.0.1, server: localhost, request: "GET /api HTTP/1.1", host: "localhost"
2022/08/24 00:33:38 [error] 31748#33964: *5 attempt to set ngx.status after sending out response headers, client: 127.0.0.1, server: localhost, request: "GET /api HTTP/1.1", host: "localhost"
2022/08/24 00:33:38 [error] 31748#33964: *5 attempt to set ngx.header.HEADER after sending out response headers, client: 127.0.0.1, server: localhost, request: "GET /api HTTP/1.1", host: "localhost"
2022/08/24 00:33:38 [error] 31748#33964: *5 attempt to set status 401 via ngx.exit after sending out the response status 200, client: 127.0.0.1, server: localhost, request: "GET /api HTTP/1.1", host: "localhost"
2022/08/24 00:34:38 [error] 28972#3408: *1 failed to load external Lua file "C://luaProgram/openresty-1.21.4.1-win64/lualib/resty/jwt-auth.lua": ...ogram/openresty-1.21.4.1-win64/lualib/resty/jwt-auth.lua:26: unexpected symbol near '/', client: 127.0.0.1, server: localhost, request: "GET /api HTTP/1.1", host: "localhost"
2022/08/24 00:35:02 [] 35756#30416: *1 [lua] jwt-auth.lua:1: this is a log string from lua, client: 127.0.0.1, server: localhost, request: "GET /api HTTP/1.1", host: "localhost"
2022/08/24 00:35:02 [] 35756#30416: *1 [lua] jwt-auth.lua:28: eyJ0eXAiOiJKV1QiLCJhbGciOiJIUzI1NiJ9.eyJpc3MiOiJPbmxpbmUgSldUIEJ1aWxkZXIiLCJpYXQiOjE2NjEyOTIwMzAsImV4cCI6MTY5MjgyODAzMCwiYXVkIjoid3d3LmV4YW1wbGUuY29tIiwic3ViIjoianJvY2tldEBleGFtcGxlLmNvbSIsIkdpdmVuTmFtZSI6IkpvaG5ueSIsIlN1cm5hbWUiOiJSb2NrZXQiLCJFbWFpbCI6Impyb2NrZXRAZXhhbXBsZS5jb20iLCJSb2xlIjpbIk1hbmFnZXIiLCJQcm9qZWN0IEFkbWluaXN0cmF0b3IiXX0.cvWVEDOzKRJ8RNWaEVy5oqwu0VZKXJBfZMLJmouEtbU, client: 127.0.0.1, server: localhost, request: "GET /api HTTP/1.1", host: "localhost"
2022/08/24 00:35:02 [] 35756#30416: *1 [lua] jwt-auth.lua:29: false, client: 127.0.0.1, server: localhost, request: "GET /api HTTP/1.1", host: "localhost"
2022/08/24 00:35:02 [] 35756#30416: *1 [lua] jwt-auth.lua:32: this is a log string from lua2, client: 127.0.0.1, server: localhost, request: "GET /api HTTP/1.1", host: "localhost"
2022/08/24 00:35:02 [error] 35756#30416: *1 attempt to set ngx.status after sending out response headers, client: 127.0.0.1, server: localhost, request: "GET /api HTTP/1.1", host: "localhost"
2022/08/24 00:35:02 [error] 35756#30416: *1 attempt to set ngx.header.HEADER after sending out response headers, client: 127.0.0.1, server: localhost, request: "GET /api HTTP/1.1", host: "localhost"
2022/08/24 00:35:02 [error] 35756#30416: *1 attempt to set status 401 via ngx.exit after sending out the response status 200, client: 127.0.0.1, server: localhost, request: "GET /api HTTP/1.1", host: "localhost"
2022/08/24 00:35:48 [] 24548#27468: *1 [lua] jwt-auth.lua:1: this is a log string from lua, client: 127.0.0.1, server: localhost, request: "GET /api HTTP/1.1", host: "localhost"
2022/08/24 00:35:48 [] 24548#27468: *1 [lua] jwt-auth.lua:29: eyJ0eXAiOiJKV1QiLCJhbGciOiJIUzI1NiJ9.eyJpc3MiOiJPbmxpbmUgSldUIEJ1aWxkZXIiLCJpYXQiOjE2NjEyOTIwMzAsImV4cCI6MTY5MjgyODAzMCwiYXVkIjoid3d3LmV4YW1wbGUuY29tIiwic3ViIjoianJvY2tldEBleGFtcGxlLmNvbSIsIkdpdmVuTmFtZSI6IkpvaG5ueSIsIlN1cm5hbWUiOiJSb2NrZXQiLCJFbWFpbCI6Impyb2NrZXRAZXhhbXBsZS5jb20iLCJSb2xlIjpbIk1hbmFnZXIiLCJQcm9qZWN0IEFkbWluaXN0cmF0b3IiXX0.cvWVEDOzKRJ8RNWaEVy5oqwu0VZKXJBfZMLJmouEtbU, client: 127.0.0.1, server: localhost, request: "GET /api HTTP/1.1", host: "localhost"
2022/08/24 00:35:48 [] 24548#27468: *1 [lua] jwt-auth.lua:30: false, client: 127.0.0.1, server: localhost, request: "GET /api HTTP/1.1", host: "localhost"
2022/08/24 00:35:48 [] 24548#27468: *1 [lua] jwt-auth.lua:33: this is a log string from lua2, client: 127.0.0.1, server: localhost, request: "GET /api HTTP/1.1", host: "localhost"
2022/08/24 00:35:48 [error] 24548#27468: *1 attempt to set ngx.status after sending out response headers, client: 127.0.0.1, server: localhost, request: "GET /api HTTP/1.1", host: "localhost"
2022/08/24 00:35:48 [error] 24548#27468: *1 attempt to set ngx.header.HEADER after sending out response headers, client: 127.0.0.1, server: localhost, request: "GET /api HTTP/1.1", host: "localhost"
2022/08/24 00:35:48 [error] 24548#27468: *1 attempt to set status 401 via ngx.exit after sending out the response status 200, client: 127.0.0.1, server: localhost, request: "GET /api HTTP/1.1", host: "localhost"
2022/08/24 00:38:01 [] 17652#11532: *1 [lua] jwt-auth.lua:1: this is a log string from lua, client: 127.0.0.1, server: localhost, request: "GET /api HTTP/1.1", host: "localhost"
2022/08/24 00:38:01 [] 17652#11532: *1 [lua] jwt-auth.lua:29: eyJ0eXAiOiJKV1QiLCJhbGciOiJIUzI1NiJ9.eyJpc3MiOiJPbmxpbmUgSldUIEJ1aWxkZXIiLCJpYXQiOjE2NjEyOTIwMzAsImV4cCI6MTY5MjgyODAzMCwiYXVkIjoid3d3LmV4YW1wbGUuY29tIiwic3ViIjoianJvY2tldEBleGFtcGxlLmNvbSIsIkdpdmVuTmFtZSI6IkpvaG5ueSIsIlN1cm5hbWUiOiJSb2NrZXQiLCJFbWFpbCI6Impyb2NrZXRAZXhhbXBsZS5jb20iLCJSb2xlIjpbIk1hbmFnZXIiLCJQcm9qZWN0IEFkbWluaXN0cmF0b3IiXX0.cvWVEDOzKRJ8RNWaEVy5oqwu0VZKXJBfZMLJmouEtbU, client: 127.0.0.1, server: localhost, request: "GET /api HTTP/1.1", host: "localhost"
2022/08/24 00:38:01 [] 17652#11532: *1 [lua] jwt-auth.lua:30: false, client: 127.0.0.1, server: localhost, request: "GET /api HTTP/1.1", host: "localhost"
2022/08/24 00:38:01 [] 17652#11532: *1 [lua] jwt-auth.lua:33: this is a log string from lua2, client: 127.0.0.1, server: localhost, request: "GET /api HTTP/1.1", host: "localhost"
2022/08/24 00:38:01 [error] 17652#11532: *1 attempt to set ngx.status after sending out response headers, client: 127.0.0.1, server: localhost, request: "GET /api HTTP/1.1", host: "localhost"
2022/08/24 00:38:01 [error] 17652#11532: *1 attempt to set ngx.header.HEADER after sending out response headers, client: 127.0.0.1, server: localhost, request: "GET /api HTTP/1.1", host: "localhost"
2022/08/24 00:38:01 [error] 17652#11532: *1 attempt to set status 401 via ngx.exit after sending out the response status 200, client: 127.0.0.1, server: localhost, request: "GET /api HTTP/1.1", host: "localhost"
2022/08/24 00:42:52 [] 11244#20936: *1 [lua] jwt-auth.lua:1: this is a log string from lua, client: 127.0.0.1, server: localhost, request: "GET /api HTTP/1.1", host: "localhost"
2022/08/24 00:42:52 [] 11244#20936: *1 [lua] jwt-auth.lua:29: eyJ0eXAiOiJKV1QiLCJhbGciOiJIUzI1NiJ9.eyJpc3MiOiJPbmxpbmUgSldUIEJ1aWxkZXIiLCJpYXQiOjE2NjEyOTIwMzAsImV4cCI6MTY5MjgyODAzMCwiYXVkIjoid3d3LmV4YW1wbGUuY29tIiwic3ViIjoianJvY2tldEBleGFtcGxlLmNvbSIsIkdpdmVuTmFtZSI6IkpvaG5ueSIsIlN1cm5hbWUiOiJSb2NrZXQiLCJFbWFpbCI6Impyb2NrZXRAZXhhbXBsZS5jb20iLCJSb2xlIjpbIk1hbmFnZXIiLCJQcm9qZWN0IEFkbWluaXN0cmF0b3IiXX0.cvWVEDOzKRJ8RNWaEVy5oqwu0VZKXJBfZMLJmouEtbU, client: 127.0.0.1, server: localhost, request: "GET /api HTTP/1.1", host: "localhost"
2022/08/24 00:42:52 [] 11244#20936: *1 [lua] jwt-auth.lua:30: false, client: 127.0.0.1, server: localhost, request: "GET /api HTTP/1.1", host: "localhost"
2022/08/24 00:42:52 [] 11244#20936: *1 [lua] jwt-auth.lua:33: this is a log string from lua2, client: 127.0.0.1, server: localhost, request: "GET /api HTTP/1.1", host: "localhost"
2022/08/24 00:42:52 [error] 11244#20936: *1 attempt to set ngx.status after sending out response headers, client: 127.0.0.1, server: localhost, request: "GET /api HTTP/1.1", host: "localhost"
2022/08/24 00:42:52 [error] 11244#20936: *1 attempt to set ngx.header.HEADER after sending out response headers, client: 127.0.0.1, server: localhost, request: "GET /api HTTP/1.1", host: "localhost"
2022/08/24 00:42:52 [error] 11244#20936: *1 attempt to set status 401 via ngx.exit after sending out the response status 200, client: 127.0.0.1, server: localhost, request: "GET /api HTTP/1.1", host: "localhost"
2022/08/24 00:43:37 [] 11244#20936: *2 [lua] jwt-auth.lua:1: this is a log string from lua, client: 127.0.0.1, server: localhost, request: "GET /api HTTP/1.1", host: "localhost"
2022/08/24 00:43:37 [] 11244#20936: *2 [lua] jwt-auth.lua:29: eyJ0eXAiOiJKV1QiLCJhbGciOiJIUzI1NiJ9.eyJpc3MiOiJPbmxpbmUgSldUIEJ1aWxkZXIiLCJpYXQiOjE2NjEyOTIwMzAsImV4cCI6MTY5MjgyODAzMCwiYXVkIjoid3d3LmV4YW1wbGUuY29tIiwic3ViIjoianJvY2tldEBleGFtcGxlLmNvbSIsIkdpdmVuTmFtZSI6IkpvaG5ueSIsIlN1cm5hbWUiOiJSb2NrZXQiLCJFbWFpbCI6Impyb2NrZXRAZXhhbXBsZS5jb20iLCJSb2xlIjpbIk1hbmFnZXIiLCJQcm9qZWN0IEFkbWluaXN0cmF0b3IiXX0.xyvr8DnGFxGGA2HmszYoRYaT_a7ioHYc9w4I-nTxnPM, client: 127.0.0.1, server: localhost, request: "GET /api HTTP/1.1", host: "localhost"
2022/08/24 00:43:37 [] 11244#20936: *2 [lua] jwt-auth.lua:30: true, client: 127.0.0.1, server: localhost, request: "GET /api HTTP/1.1", host: "localhost"
2022/08/24 00:45:36 [] 23440#20092: *1 [lua] jwt-auth.lua:1: this is a log string from lua, client: 127.0.0.1, server: localhost, request: "GET /api HTTP/1.1", host: "localhost"
2022/08/24 00:45:54 [] 23440#20092: *3 [lua] jwt-auth.lua:1: this is a log string from lua, client: 127.0.0.1, server: localhost, request: "GET /api HTTP/1.1", host: "localhost"
2022/08/24 01:01:59 [error] 32892#31612: *1 lua entry thread aborted: runtime error: access_by_lua(nginx.conf:65):8: bad argument #1 to 'match' (string expected, got nil)
stack traceback:
coroutine 0:
	[C]: in function 'match'
	access_by_lua(nginx.conf:65):8: in main chunk, client: 127.0.0.1, server: localhost, request: "GET /block?msg=evil HTTP/1.1", host: "localhost"
2022/08/24 01:03:30 [error] 32088#19368: *1 CreateFile() "./html/terms_of_use.html" failed (2: The system cannot find the file specified), client: 127.0.0.1, server: localhost, request: "GET /terms_of_use.html HTTP/1.1", host: "localhost"
2022/08/24 01:04:39 [error] 31212#32368: *1 connect() failed (10061: No connection could be made because the target machine actively refused it) while connecting to upstream, client: 127.0.0.1, server: localhost, request: "GET /chat?msg=Hi HTTP/1.1", upstream: "http://[::1]:5000/chat?msg=Hi", host: "localhost"
2022/08/24 01:04:48 [error] 31212#32368: *1 CreateFile() "./html/terms_of_use.html" failed (2: The system cannot find the file specified), client: 127.0.0.1, server: localhost, request: "GET /terms_of_use.html HTTP/1.1", host: "localhost"
2022/08/24 15:04:33 [error] 31212#32368: *6 CreateFile() "./html/omni-tracking/trkcfg.txt" failed (3: The system cannot find the path specified), client: 127.0.0.1, server: localhost, request: "GET /omni-tracking/trkcfg.txt HTTP/1.1", host: "ipm.corel.com"
2022/08/24 15:04:33 [error] 31212#32368: *7 CreateFile() "./html/redirect" failed (2: The system cannot find the file specified), client: 127.0.0.1, server: localhost, request: "GET /redirect?_redirect=command&app=cuh&version=2.0&function=testonline HTTP/1.1", host: "apps.corel.com"
2022/08/24 20:35:55 [emerg] 11876#37480: upstream "localhost" may not have port 8055 in ./conf/nginx.conf:120
2022/08/24 20:38:12 [error] 22148#25872: *1 [lua] init_worker_by_lua:22: failed to spawn health checker: failed to get primary peers: upstream not found, context: init_worker_by_lua*
2022/08/24 20:38:27 [] 22148#25872: *2 [lua] jwt-auth.lua:1: this is a log string from lua, client: 127.0.0.1, server: localhost, request: "GET /api HTTP/1.1", host: "localhost"
2022/08/24 21:51:31 [error] 31092#16432: *1 [lua] init_worker_by_lua:22: failed to spawn health checker: failed to get primary peers: upstream not found, context: init_worker_by_lua*
2022/08/24 21:51:38 [error] 31092#16432: *2 lua entry thread aborted: runtime error: content_by_lua(nginx.conf:109):3: attempt to call field 'prometheus_status_page' (a nil value)
stack traceback:
coroutine 0:
	content_by_lua(nginx.conf:109): in main chunk, client: 127.0.0.1, server: localhost, request: "GET /metrics HTTP/1.1", host: "localhost"
2022/08/24 22:14:40 [error] 31092#16432: *4 lua entry thread aborted: runtime error: content_by_lua(nginx.conf:109):3: attempt to call field 'prometheus_status_page' (a nil value)
stack traceback:
coroutine 0:
	content_by_lua(nginx.conf:109): in main chunk, client: 127.0.0.1, server: localhost, request: "GET /metrics HTTP/1.1", host: "localhost"
2022/08/24 22:17:55 [error] 31092#16432: *6 connect() failed (10061: No connection could be made because the target machine actively refused it) while connecting to upstream, client: 127.0.0.1, server: localhost, request: "GET /chat?msg=Welcome HTTP/1.1", upstream: "http://[::1]:5000/chat?msg=Welcome", host: "localhost"
2022/08/24 22:18:03 [error] 31092#16432: *6 CreateFile() "./html/terms_of_use.html" failed (2: The system cannot find the file specified), client: 127.0.0.1, server: localhost, request: "GET /terms_of_use.html HTTP/1.1", host: "localhost"
2022/08/24 22:29:59 [error] 33124#33676: *1 [lua] init_worker_by_lua:22: failed to spawn health checker: failed to get primary peers: upstream not found, context: init_worker_by_lua*
2022/08/24 22:30:26 [error] 33124#33676: *2 lua entry thread aborted: runtime error: content_by_lua(nginx.conf:191):3: attempt to index local 'log_dict' (a nil value)
stack traceback:
coroutine 0:
	content_by_lua(nginx.conf:191): in main chunk, client: 127.0.0.1, server: localhost, request: "GET /responseStatus HTTP/1.1", host: "localhost"
2022/08/24 22:31:49 [emerg] 27696#21116: "lua_shared_dict" directive is not allowed here in ./conf/nginx.conf:158
2022/08/24 22:32:24 [error] 25608#35620: *1 [lua] init_worker_by_lua:22: failed to spawn health checker: failed to get primary peers: upstream not found, context: init_worker_by_lua*
2022/08/24 22:32:45 [error] 38236#21320: *1 [lua] init_worker_by_lua:22: failed to spawn health checker: failed to get primary peers: upstream not found, context: init_worker_by_lua*
2022/08/24 22:38:05 [error] 38236#21320: *4 lua entry thread aborted: runtime error: content_by_lua(nginx.conf:111):3: attempt to call field 'prometheus_status_page' (a nil value)
stack traceback:
coroutine 0:
	content_by_lua(nginx.conf:111): in main chunk, client: 127.0.0.1, server: localhost, request: "GET /metrics HTTP/1.1", host: "localhost"
2022/08/24 22:40:17 [error] 21228#28628: *1 [lua] init_worker_by_lua:22: failed to spawn health checker: failed to get primary peers: upstream not found, context: init_worker_by_lua*
2022/08/24 22:41:47 [error] 21228#28628: *4 failed to load inlined Lua code: log_by_lua(nginx.conf:179):5: '=' expected near 'sum' while logging request, client: 127.0.0.1, server: localhost, request: "GET /inventory HTTP/1.1", upstream: "http://[::1]:8055/inventory", host: "localhost"
2022/08/24 22:42:13 [error] 27164#18680: *1 [lua] init_worker_by_lua:22: failed to spawn health checker: failed to get primary peers: upstream not found, context: init_worker_by_lua*
2022/08/24 22:42:36 [error] 27164#18680: *2 CreateFile() "./html/terms_of_use.html" failed (2: The system cannot find the file specified), client: 127.0.0.1, server: localhost, request: "GET /terms_of_use.html HTTP/1.1", host: "localhost"
2022/08/24 22:42:41 [error] 27164#18680: *2 connect() failed (10061: No connection could be made because the target machine actively refused it) while connecting to upstream, client: 127.0.0.1, server: localhost, request: "GET /chat?msg=Welcome HTTP/1.1", upstream: "http://[::1]:5000/chat?msg=Welcome", host: "localhost"
2022/08/24 22:42:46 [error] 27164#18680: *2 lua entry thread aborted: runtime error: content_by_lua(nginx.conf:111):3: attempt to call field 'prometheus_status_page' (a nil value)
stack traceback:
coroutine 0:
	content_by_lua(nginx.conf:111): in main chunk, client: 127.0.0.1, server: localhost, request: "GET /metrics HTTP/1.1", host: "localhost"
2022/08/24 22:44:58 [error] 38908#34832: *1 [lua] init_worker_by_lua:22: failed to spawn health checker: failed to get primary peers: upstream not found, context: init_worker_by_lua*
2022/08/24 22:54:10 [error] 25904#1232: *1 [lua] init_worker_by_lua:22: failed to spawn health checker: failed to get primary peers: upstream not found, context: init_worker_by_lua*
2022/08/24 22:54:22 [error] 29104#14352: *1 [lua] init_worker_by_lua:22: failed to spawn health checker: failed to get primary peers: upstream not found, context: init_worker_by_lua*
2022/08/24 23:09:17 [error] 28360#29792: *1 [lua] init_worker_by_lua:22: failed to spawn health checker: failed to get primary peers: upstream not found, context: init_worker_by_lua*
2022/08/24 23:13:11 [error] 31896#37928: *1 [lua] init_worker_by_lua:22: failed to spawn health checker: failed to get primary peers: upstream not found, context: init_worker_by_lua*
2022/08/24 23:13:54 [error] 27616#2324: *1 [lua] init_worker_by_lua:22: failed to spawn health checker: failed to get primary peers: upstream not found, context: init_worker_by_lua*
2022/08/24 23:21:05 [error] 18180#33896: *1 [lua] init_worker_by_lua:22: failed to spawn health checker: failed to get primary peers: upstream not found, context: init_worker_by_lua*
2022/08/24 23:21:08 [error] 18180#33896: *2 failed to run log_by_lua*: log_by_lua(nginx.conf:180):4: attempt to perform arithmetic on a nil value
stack traceback:
	log_by_lua(nginx.conf:180):4: in main chunk while logging request, client: 127.0.0.1, server: localhost, request: "GET /inventory HTTP/1.1", upstream: "http://[::1]:8055/inventory", host: "localhost"
2022/08/24 23:21:11 [error] 18180#33896: *2 failed to run log_by_lua*: log_by_lua(nginx.conf:180):4: attempt to perform arithmetic on a nil value
stack traceback:
	log_by_lua(nginx.conf:180):4: in main chunk while logging request, client: 127.0.0.1, server: localhost, request: "GET /inventory HTTP/1.1", upstream: "http://127.0.0.1:8055/inventory", host: "localhost"
2022/08/24 23:27:33 [error] 17116#11408: *1 [lua] init_worker_by_lua:22: failed to spawn health checker: failed to get primary peers: upstream not found, context: init_worker_by_lua*
2022/08/24 23:27:38 [error] 17116#11408: *2 failed to run log_by_lua*: log_by_lua(nginx.conf:180):4: attempt to perform arithmetic on a nil value
stack traceback:
	log_by_lua(nginx.conf:180):4: in main chunk while logging request, client: 127.0.0.1, server: localhost, request: "GET /inventory HTTP/1.1", upstream: "http://[::1]:8055/inventory", host: "localhost"
2022/08/24 23:27:39 [error] 17116#11408: *5 failed to run log_by_lua*: log_by_lua(nginx.conf:180):4: attempt to perform arithmetic on a nil value
stack traceback:
	log_by_lua(nginx.conf:180):4: in main chunk while logging request, client: 127.0.0.1, server: localhost, request: "GET /inventory HTTP/1.1", upstream: "http://127.0.0.1:8055/inventory", host: "localhost"
2022/08/24 23:28:15 [error] 17116#11408: *8 failed to run log_by_lua*: log_by_lua(nginx.conf:180):4: attempt to perform arithmetic on a nil value
stack traceback:
	log_by_lua(nginx.conf:180):4: in main chunk while logging request, client: 127.0.0.1, server: localhost, request: "GET /inventory HTTP/1.1", upstream: "http://[::1]:8055/inventory", host: "localhost"
2022/08/24 23:28:15 [error] 17116#11408: *8 failed to run log_by_lua*: log_by_lua(nginx.conf:180):4: attempt to perform arithmetic on a nil value
stack traceback:
	log_by_lua(nginx.conf:180):4: in main chunk while logging request, client: 127.0.0.1, server: localhost, request: "GET /inventory HTTP/1.1", upstream: "http://127.0.0.1:8055/inventory", host: "localhost"
2022/08/24 23:30:12 [error] 16208#3768: *1 [lua] init_worker_by_lua:22: failed to spawn health checker: failed to get primary peers: upstream not found, context: init_worker_by_lua*
2022/08/24 23:33:08 [error] 20532#36700: *1 [lua] init_worker_by_lua:22: failed to spawn health checker: failed to get primary peers: upstream not found, context: init_worker_by_lua*
2022/08/24 23:49:44 [error] 20532#36700: *6 CreateFile() "./html/omni-tracking/trkcfg.txt" failed (3: The system cannot find the path specified), client: 127.0.0.1, server: localhost, request: "GET /omni-tracking/trkcfg.txt HTTP/1.1", host: "ipm.corel.com"
2022/08/25 15:19:34 [error] 20532#36700: *7 CreateFile() "./html/omni-tracking/trkcfg.txt" failed (3: The system cannot find the path specified), client: 127.0.0.1, server: localhost, request: "GET /omni-tracking/trkcfg.txt HTTP/1.1", host: "ipm.corel.com"
2022/08/25 15:19:34 [error] 20532#36700: *8 CreateFile() "./html/redirect" failed (2: The system cannot find the file specified), client: 127.0.0.1, server: localhost, request: "GET /redirect?_redirect=command&app=cuh&version=2.0&function=testonline HTTP/1.1", host: "apps.corel.com"
2022/08/26 12:30:15 [emerg] 35484#41952: unknown directive "server_rewrite_by_lua_block" in ./conf/nginx.conf:78
2022/08/26 12:34:23 [error] 37264#23520: *1 [lua] init_worker_by_lua:22: failed to spawn health checker: failed to get primary peers: upstream not found, context: init_worker_by_lua*
2022/08/26 12:38:21 [emerg] 7572#2536: unknown directive "server_rewrite_by_lua_file" in ./conf/nginx.conf:78
2022/08/26 12:47:33 [error] 23712#31448: *1 [lua] init_worker_by_lua:22: failed to spawn health checker: failed to get primary peers: upstream not found, context: init_worker_by_lua*
2022/08/26 12:48:01 [error] 23712#31448: *2 upstream timed out (10060: A connection attempt failed because the connected party did not properly respond after a period of time, or established connection failed because connected host has failed to respond) while connecting to upstream, client: 127.0.0.1, server: localhost, request: "GET /inventory HTTP/1.1", upstream: "http://[::1]:8055/inventory", host: "localhost"
2022/08/26 12:48:01 [error] 23712#31448: *2 upstream timed out (10060: A connection attempt failed because the connected party did not properly respond after a period of time, or established connection failed because connected host has failed to respond) while connecting to upstream, client: 127.0.0.1, server: localhost, request: "GET /inventory HTTP/1.1", upstream: "http://127.0.0.1:8055/inventory", host: "localhost"
2022/08/26 12:48:01 [error] 23712#31448: *2 CreateFile() "./html/favicon.ico" failed (2: The system cannot find the file specified), client: 127.0.0.1, server: localhost, request: "GET /favicon.ico HTTP/1.1", host: "localhost", referrer: "http://localhost/inventory"
2022/08/26 12:55:17 [error] 33956#8824: *1 [lua] init_worker_by_lua:22: failed to spawn health checker: failed to get primary peers: upstream not found, context: init_worker_by_lua*
2022/08/26 12:56:00 [error] 33956#8824: *4 upstream prematurely closed connection while reading response header from upstream, client: 127.0.0.1, server: localhost, request: "GET /inventory_slow HTTP/1.1", upstream: "http://127.0.0.1:8055/inventory_slow", host: "localhost"
2022/08/26 12:56:02 [error] 33956#8824: *4 connect() failed (10061: No connection could be made because the target machine actively refused it) while connecting to upstream, client: 127.0.0.1, server: localhost, request: "GET /inventory_slow HTTP/1.1", upstream: "http://[::1]:8055/inventory_slow", host: "localhost"
2022/08/26 12:57:44 [error] 33956#8824: *4 upstream timed out (10060: A connection attempt failed because the connected party did not properly respond after a period of time, or established connection failed because connected host has failed to respond) while reading response header from upstream, client: 127.0.0.1, server: localhost, request: "GET /inventory_slow HTTP/1.1", upstream: "http://[::1]:8055/inventory_slow", host: "localhost"
2022/08/26 12:58:44 [error] 33956#8824: *4 upstream timed out (10060: A connection attempt failed because the connected party did not properly respond after a period of time, or established connection failed because connected host has failed to respond) while reading response header from upstream, client: 127.0.0.1, server: localhost, request: "GET /inventory_slow HTTP/1.1", upstream: "http://127.0.0.1:8055/inventory_slow", host: "localhost"
2022/08/26 13:03:37 [error] 36720#38024: *1 [lua] init_worker_by_lua:22: failed to spawn health checker: failed to get primary peers: upstream not found, context: init_worker_by_lua*
2022/08/26 13:03:40 [error] 36720#38024: *2 upstream timed out (10060: A connection attempt failed because the connected party did not properly respond after a period of time, or established connection failed because connected host has failed to respond) while reading response header from upstream, client: 127.0.0.1, server: localhost, request: "GET /inventory_slow HTTP/1.1", upstream: "http://[::1]:8055/inventory_slow", host: "localhost"
2022/08/26 13:03:40 [error] 36720#38024: *2 upstream timed out (10060: A connection attempt failed because the connected party did not properly respond after a period of time, or established connection failed because connected host has failed to respond) while reading response header from upstream, client: 127.0.0.1, server: localhost, request: "GET /inventory_slow HTTP/1.1", upstream: "http://127.0.0.1:8055/inventory_slow", host: "localhost"
2022/08/26 13:22:59 [emerg] 29984#35860: "location" directive is not allowed here in ./conf/nginx.conf:266
2022/08/26 13:23:40 [emerg] 8916#29588: duplicate location "/inventory_slow" in ./conf/nginx.conf:239
2022/08/26 13:23:54 [error] 5356#12916: *1 [lua] init_worker_by_lua:22: failed to spawn health checker: failed to get primary peers: upstream not found, context: init_worker_by_lua*
2022/08/26 13:26:04 [error] 25668#12792: *1 [lua] init_worker_by_lua:22: failed to spawn health checker: failed to get primary peers: upstream not found, context: init_worker_by_lua*
2022/08/26 13:27:57 [error] 34696#2452: *1 [lua] init_worker_by_lua:22: failed to spawn health checker: failed to get primary peers: upstream not found, context: init_worker_by_lua*
2022/08/26 13:29:42 [emerg] 32292#10368: directive "access_by_lua" is not terminated by ";" in ./conf/nginx.conf:242
2022/08/26 13:29:52 [emerg] 31800#41244: directive "access_by_lua" is not terminated by ";" in ./conf/nginx.conf:242
2022/08/26 13:30:44 [emerg] 10668#41592: unexpected ";" in ./conf/nginx.conf:256
2022/08/26 13:30:54 [error] 22620#12440: *1 [lua] init_worker_by_lua:22: failed to spawn health checker: failed to get primary peers: upstream not found, context: init_worker_by_lua*
2022/08/26 13:33:57 [error] 20308#32064: *1 [lua] init_worker_by_lua:22: failed to spawn health checker: failed to get primary peers: upstream not found, context: init_worker_by_lua*
2022/08/26 13:34:43 [error] 40540#11768: *1 [lua] init_worker_by_lua:22: failed to spawn health checker: failed to get primary peers: upstream not found, context: init_worker_by_lua*
2022/08/26 13:38:16 [error] 21760#24424: *1 [lua] init_worker_by_lua:22: failed to spawn health checker: failed to get primary peers: upstream not found, context: init_worker_by_lua*
2022/08/26 13:40:42 [error] 40132#23224: *1 [lua] init_worker_by_lua:22: failed to spawn health checker: failed to get primary peers: upstream not found, context: init_worker_by_lua*
2022/08/26 13:49:58 [error] 37320#32372: *1 [lua] init_worker_by_lua:22: failed to spawn health checker: failed to get primary peers: upstream not found, context: init_worker_by_lua*
2022/08/26 13:51:35 [notice] 26900#37872: using the "select" event method
2022/08/26 13:51:35 [notice] 26900#37872: openresty/1.21.4.1
2022/08/26 13:51:35 [info] 26900#37872: OS: 300000 build:22000, "", suite:100, type:1
2022/08/26 13:51:35 [notice] 26900#37872: start worker processes
2022/08/26 13:51:35 [notice] 26900#37872: start worker process 31612
2022/08/26 13:51:35 [notice] 31612#21712: openresty/1.21.4.1
2022/08/26 13:51:35 [info] 31612#21712: OS: 300000 build:22000, "", suite:100, type:1
2022/08/26 13:51:35 [notice] 31612#21712: create thread 41292
2022/08/26 13:51:35 [notice] 31612#21712: create thread 16776
2022/08/26 13:51:35 [notice] 31612#21712: create thread 33464
2022/08/26 13:51:35 [error] 31612#41292: *1 [lua] init_worker_by_lua:22: failed to spawn health checker: failed to get primary peers: upstream not found, context: init_worker_by_lua*
2022/08/26 13:51:38 [info] 31612#41292: *2 client sent HTTP/1.1 request without "Host" header while reading client request headers, client: 127.0.0.1, server: localhost, request: "GET /inventory_web HTTP/1.1"
2022/08/26 13:51:56 [error] 31612#41292: *3 failed to load inlined Lua code: access_by_lua(nginx.conf:259):12: 'then' expected near 'ngx', client: 127.0.0.1, server: localhost, request: "GET /inventory_web HTTP/1.1", host: "localhost"
2022/08/26 13:52:11 [error] 31612#41292: *4 failed to load inlined Lua code: access_by_lua(nginx.conf:259):12: 'then' expected near 'ngx', client: 127.0.0.1, server: localhost, request: "GET /inventory_web HTTP/1.1", host: "localhost"
2022/08/26 13:52:54 [notice] 30320#10404: using the "select" event method
2022/08/26 13:52:54 [notice] 30320#10404: openresty/1.21.4.1
2022/08/26 13:52:54 [info] 30320#10404: OS: 300000 build:22000, "", suite:100, type:1
2022/08/26 13:52:54 [notice] 30320#10404: start worker processes
2022/08/26 13:52:54 [notice] 30320#10404: start worker process 25388
2022/08/26 13:52:54 [notice] 25388#35108: openresty/1.21.4.1
2022/08/26 13:52:54 [info] 25388#35108: OS: 300000 build:22000, "", suite:100, type:1
2022/08/26 13:52:54 [notice] 25388#35108: create thread 19992
2022/08/26 13:52:54 [notice] 25388#35108: create thread 24356
2022/08/26 13:52:54 [notice] 25388#35108: create thread 37816
2022/08/26 13:52:54 [error] 25388#19992: *1 [lua] init_worker_by_lua:22: failed to spawn health checker: failed to get primary peers: upstream not found, context: init_worker_by_lua*
2022/08/26 13:52:56 [info] 25388#19992: *2 client 127.0.0.1 closed keepalive connection
2022/08/26 13:53:08 [notice] 37928#29660: using the "select" event method
2022/08/26 13:53:08 [notice] 37928#29660: openresty/1.21.4.1
2022/08/26 13:53:08 [info] 37928#29660: OS: 300000 build:22000, "", suite:100, type:1
2022/08/26 13:53:08 [notice] 37928#29660: start worker processes
2022/08/26 13:53:08 [notice] 37928#29660: start worker process 4720
2022/08/26 13:53:08 [notice] 4720#20620: openresty/1.21.4.1
2022/08/26 13:53:08 [info] 4720#20620: OS: 300000 build:22000, "", suite:100, type:1
2022/08/26 13:53:08 [notice] 4720#20620: create thread 3296
2022/08/26 13:53:08 [notice] 4720#20620: create thread 35896
2022/08/26 13:53:08 [notice] 4720#20620: create thread 9384
2022/08/26 13:53:08 [error] 4720#3296: *1 [lua] init_worker_by_lua:22: failed to spawn health checker: failed to get primary peers: upstream not found, context: init_worker_by_lua*
2022/08/26 13:53:10 [] 4720#3296: *2 [lua] access_by_lua(nginx.conf:258):2: inside lua block, client: 127.0.0.1, server: localhost, request: "GET /inventory_web HTTP/1.1", host: "localhost"
2022/08/26 13:53:10 [] 4720#3296: *2 [lua] access_by_lua(nginx.conf:258):4: web, client: 127.0.0.1, server: localhost, request: "GET /inventory_web HTTP/1.1", host: "localhost"
2022/08/26 13:53:10 [info] 4720#3296: *2 client 127.0.0.1 closed keepalive connection
2022/08/26 13:53:20 [] 4720#3296: *4 [lua] access_by_lua(nginx.conf:258):2: inside lua block, client: 127.0.0.1, server: localhost, request: "GET /inventory_web HTTP/1.1", host: "localhost"
2022/08/26 13:53:20 [] 4720#3296: *4 [lua] access_by_lua(nginx.conf:258):4: mobile, client: 127.0.0.1, server: localhost, request: "GET /inventory_web HTTP/1.1", host: "localhost"
2022/08/26 13:53:22 [error] 4720#3296: *4 connect() failed (10061: No connection could be made because the target machine actively refused it) while connecting to upstream, client: 127.0.0.1, server: localhost, request: "GET /inventory_web HTTP/1.1", upstream: "http://[::1]:5000/inventory_web", host: "localhost"
2022/08/26 13:53:22 [warn] 4720#3296: *4 upstream server temporarily disabled while connecting to upstream, client: 127.0.0.1, server: localhost, request: "GET /inventory_web HTTP/1.1", upstream: "http://[::1]:5000/inventory_web", host: "localhost"
2022/08/26 13:53:24 [error] 4720#3296: *4 connect() failed (10061: No connection could be made because the target machine actively refused it) while connecting to upstream, client: 127.0.0.1, server: localhost, request: "GET /inventory_web HTTP/1.1", upstream: "http://127.0.0.1:5000/inventory_web", host: "localhost"
2022/08/26 13:53:24 [warn] 4720#3296: *4 upstream server temporarily disabled while connecting to upstream, client: 127.0.0.1, server: localhost, request: "GET /inventory_web HTTP/1.1", upstream: "http://127.0.0.1:5000/inventory_web", host: "localhost"
2022/08/26 13:53:24 [info] 4720#3296: *4 client 127.0.0.1 closed keepalive connection
2022/08/26 15:34:35 [error] 4720#3296: *7 CreateFile() "./html/omni-tracking/trkcfg.txt" failed (3: The system cannot find the path specified), client: 127.0.0.1, server: localhost, request: "GET /omni-tracking/trkcfg.txt HTTP/1.1", host: "ipm.corel.com"
2022/08/26 15:34:35 [error] 4720#3296: *8 CreateFile() "./html/redirect" failed (2: The system cannot find the file specified), client: 127.0.0.1, server: localhost, request: "GET /redirect?_redirect=command&app=cuh&version=2.0&function=testonline HTTP/1.1", host: "apps.corel.com"
2022/08/26 15:34:35 [info] 4720#3296: *7 client 127.0.0.1 closed keepalive connection (10054: An existing connection was forcibly closed by the remote host)
2022/08/26 15:34:35 [info] 4720#3296: *8 client 127.0.0.1 closed keepalive connection (10054: An existing connection was forcibly closed by the remote host)
2022/08/27 11:44:06 [notice] 10468#16380: using the "select" event method
2022/08/27 11:44:06 [notice] 10468#16380: openresty/1.21.4.1
2022/08/27 11:44:06 [info] 10468#16380: OS: 300000 build:22000, "", suite:100, type:1
2022/08/27 11:44:06 [notice] 10468#16380: start worker processes
2022/08/27 11:44:06 [notice] 10468#16380: start worker process 9164
2022/08/27 11:44:06 [notice] 9164#12720: openresty/1.21.4.1
2022/08/27 11:44:06 [info] 9164#12720: OS: 300000 build:22000, "", suite:100, type:1
2022/08/27 11:44:06 [notice] 9164#12720: create thread 8104
2022/08/27 11:44:06 [notice] 9164#12720: create thread 17156
2022/08/27 11:44:06 [notice] 9164#12720: create thread 4032
2022/08/27 11:44:06 [error] 9164#8104: *1 [lua] init_worker_by_lua:22: failed to spawn health checker: failed to get primary peers: upstream not found, context: init_worker_by_lua*
2022/08/27 12:15:23 [notice] 15624#4580: using the "select" event method
2022/08/27 12:15:23 [notice] 15624#4580: openresty/1.21.4.1
2022/08/27 12:15:23 [info] 15624#4580: OS: 300000 build:22000, "", suite:100, type:1
2022/08/27 12:15:23 [notice] 15624#4580: start worker processes
2022/08/27 12:15:23 [notice] 15624#4580: start worker process 7448
2022/08/27 12:15:23 [notice] 7448#5636: openresty/1.21.4.1
2022/08/27 12:15:23 [info] 7448#5636: OS: 300000 build:22000, "", suite:100, type:1
2022/08/27 12:15:23 [notice] 7448#5636: create thread 1712
2022/08/27 12:15:23 [notice] 7448#5636: create thread 14812
2022/08/27 12:15:23 [notice] 7448#5636: create thread 18200
2022/08/27 12:15:23 [error] 7448#1712: *1 [lua] init_worker_by_lua:22: failed to spawn health checker: failed to get primary peers: upstream not found, context: init_worker_by_lua*
2022/08/27 12:15:57 [error] 7448#1712: *2 CreateFile() "./html/favicon.ico" failed (2: The system cannot find the file specified), client: 127.0.0.1, server: electronic_shop_api, request: "GET /favicon.ico HTTP/1.1", host: "localhost", referrer: "http://localhost/"
2022/08/27 12:16:57 [info] 7448#1712: *3 client timed out (10060: A connection attempt failed because the connected party did not properly respond after a period of time, or established connection failed because connected host has failed to respond) while waiting for request, client: 127.0.0.1, server: 0.0.0.0:80
2022/08/27 13:34:02 [notice] 9532#16268: using the "select" event method
2022/08/27 13:34:02 [notice] 9532#16268: openresty/1.21.4.1
2022/08/27 13:34:02 [info] 9532#16268: OS: 300000 build:22000, "", suite:100, type:1
2022/08/27 13:34:02 [notice] 9532#16268: start worker processes
2022/08/27 13:34:02 [notice] 9532#16268: start worker process 17976
2022/08/27 13:34:02 [notice] 17976#17424: openresty/1.21.4.1
2022/08/27 13:34:02 [info] 17976#17424: OS: 300000 build:22000, "", suite:100, type:1
2022/08/27 13:34:02 [notice] 17976#17424: create thread 13668
2022/08/27 13:34:02 [notice] 17976#17424: create thread 2188
2022/08/27 13:34:02 [notice] 17976#17424: create thread 12140
2022/08/27 13:34:02 [error] 17976#13668: *1 [lua] init_worker_by_lua:22: failed to spawn health checker: failed to get primary peers: upstream not found, context: init_worker_by_lua*
2022/08/27 13:34:15 [warn] 17976#13668: *2 [lua] _G write guard:12: __newindex(): writing a global Lua variable ('htmlescape') which may lead to race conditions between concurrent requests, so prefer the use of 'local' variables
stack traceback:
	rewrite_by_lua(nginx.conf:114):2: in main chunk, client: 127.0.0.1, server: localhost, request: "GET /chat HTTP/1.1", host: "localhost"
2022/08/27 13:34:17 [error] 17976#13668: *2 connect() failed (10061: No connection could be made because the target machine actively refused it) while connecting to upstream, client: 127.0.0.1, server: localhost, request: "GET /chat HTTP/1.1", upstream: "http://127.0.0.1:5000/chat", host: "localhost"
2022/08/27 13:35:15 [info] 17976#13668: *4 client timed out (10060: A connection attempt failed because the connected party did not properly respond after a period of time, or established connection failed because connected host has failed to respond) while waiting for request, client: 127.0.0.1, server: 0.0.0.0:80
2022/08/27 13:35:28 [error] 17976#13668: *5 connect() failed (10061: No connection could be made because the target machine actively refused it) while connecting to upstream, client: 127.0.0.1, server: localhost, request: "GET /chat?msf=%22Hi%22 HTTP/1.1", upstream: "http://127.0.0.1:5000/chat?msf=%22Hi%22", host: "localhost"
2022/08/27 13:35:47 [error] 17976#13668: *5 connect() failed (10061: No connection could be made because the target machine actively refused it) while connecting to upstream, client: 127.0.0.1, server: localhost, request: "GET /chat?msf=%22Hi%22 HTTP/1.1", upstream: "http://127.0.0.1:5000/chat?msf=%22Hi%22", host: "localhost"
2022/08/27 13:36:26 [info] 17976#13668: *7 client timed out (10060: A connection attempt failed because the connected party did not properly respond after a period of time, or established connection failed because connected host has failed to respond) while waiting for request, client: 127.0.0.1, server: 0.0.0.0:80
2022/08/27 13:37:42 [info] 17976#13668: *16 client timed out (10060: A connection attempt failed because the connected party did not properly respond after a period of time, or established connection failed because connected host has failed to respond) while waiting for request, client: 127.0.0.1, server: 0.0.0.0:80
2022/08/27 13:40:29 [info] 17976#13668: *25 client timed out (10060: A connection attempt failed because the connected party did not properly respond after a period of time, or established connection failed because connected host has failed to respond) while waiting for request, client: 127.0.0.1, server: 0.0.0.0:80
2022/08/27 13:41:14 [notice] 1424#3796: using the "select" event method
2022/08/27 13:41:14 [notice] 1424#3796: openresty/1.21.4.1
2022/08/27 13:41:14 [info] 1424#3796: OS: 300000 build:22000, "", suite:100, type:1
2022/08/27 13:41:14 [notice] 1424#3796: start worker processes
2022/08/27 13:41:14 [notice] 1424#3796: start worker process 18952
2022/08/27 13:41:14 [notice] 18952#7860: openresty/1.21.4.1
2022/08/27 13:41:14 [info] 18952#7860: OS: 300000 build:22000, "", suite:100, type:1
2022/08/27 13:41:14 [notice] 18952#7860: create thread 4372
2022/08/27 13:41:14 [notice] 18952#7860: create thread 19104
2022/08/27 13:41:14 [notice] 18952#7860: create thread 19100
2022/08/27 13:41:14 [error] 18952#4372: *1 [lua] init_worker_by_lua:22: failed to spawn health checker: failed to get primary peers: upstream not found, context: init_worker_by_lua*
2022/08/27 13:41:16 [warn] 18952#4372: *2 [lua] _G write guard:12: __newindex(): writing a global Lua variable ('htmlescape') which may lead to race conditions between concurrent requests, so prefer the use of 'local' variables
stack traceback:
	rewrite_by_lua(nginx.conf:117):2: in main chunk, client: 127.0.0.1, server: localhost, request: "GET /chat?msg=%3Chtml%3E HTTP/1.1", host: "localhost"
2022/08/27 13:41:16 [error] 18952#4372: *2 [lua] rewrite_by_lua(nginx.conf:117):7: /chat, client: 127.0.0.1, server: localhost, request: "GET /chat?msg=%3Chtml%3E HTTP/1.1", host: "localhost"
2022/08/27 13:41:16 [error] 18952#4372: *2 [lua] rewrite_by_lua(nginx.conf:117):10: /chat, client: 127.0.0.1, server: localhost, request: "GET /chat?msg=%3Chtml%3E HTTP/1.1", host: "localhost"
2022/08/27 13:42:16 [error] 18952#4372: *5 [lua] rewrite_by_lua(nginx.conf:117):7: /chat, client: 127.0.0.1, server: localhost, request: "GET /chat?msg=%3Chtml%3E HTTP/1.1", host: "localhost"
2022/08/27 13:42:16 [error] 18952#4372: *5 [lua] rewrite_by_lua(nginx.conf:117):10: /chat, client: 127.0.0.1, server: localhost, request: "GET /chat?msg=%3Chtml%3E HTTP/1.1", host: "localhost"
2022/08/27 13:42:16 [info] 18952#4372: *5 client 127.0.0.1 closed keepalive connection
2022/08/27 13:42:16 [info] 18952#4372: *4 client timed out (10060: A connection attempt failed because the connected party did not properly respond after a period of time, or established connection failed because connected host has failed to respond) while waiting for request, client: 127.0.0.1, server: 0.0.0.0:80
2022/08/27 13:42:56 [error] 18952#4372: *7 [lua] rewrite_by_lua(nginx.conf:117):7: /chat, client: 127.0.0.1, server: localhost, request: "GET /chat?msg=<html> HTTP/1.1", host: "localhost"
2022/08/27 13:42:56 [error] 18952#4372: *7 [lua] rewrite_by_lua(nginx.conf:117):10: /chat, client: 127.0.0.1, server: localhost, request: "GET /chat?msg=<html> HTTP/1.1", host: "localhost"
2022/08/27 13:42:57 [info] 18952#4372: *7 client 127.0.0.1 closed keepalive connection
2022/08/27 13:45:35 [error] 18952#4372: *9 [lua] rewrite_by_lua(nginx.conf:117):7: /chat, client: 127.0.0.1, server: localhost, request: "GET /chat?msg=<html> HTTP/1.1", host: "localhost"
2022/08/27 13:45:35 [error] 18952#4372: *9 [lua] rewrite_by_lua(nginx.conf:117):10: /chat, client: 127.0.0.1, server: localhost, request: "GET /chat?msg=<html> HTTP/1.1", host: "localhost"
2022/08/27 13:45:36 [info] 18952#4372: *9 client 127.0.0.1 closed keepalive connection
2022/08/27 13:46:22 [notice] 12572#2316: using the "select" event method
2022/08/27 13:46:22 [notice] 12572#2316: openresty/1.21.4.1
2022/08/27 13:46:22 [info] 12572#2316: OS: 300000 build:22000, "", suite:100, type:1
2022/08/27 13:46:22 [notice] 12572#2316: start worker processes
2022/08/27 13:46:22 [notice] 12572#2316: start worker process 15612
2022/08/27 13:46:22 [notice] 15612#18136: openresty/1.21.4.1
2022/08/27 13:46:22 [info] 15612#18136: OS: 300000 build:22000, "", suite:100, type:1
2022/08/27 13:46:22 [notice] 15612#18136: create thread 16688
2022/08/27 13:46:22 [notice] 15612#18136: create thread 9868
2022/08/27 13:46:22 [notice] 15612#18136: create thread 18492
2022/08/27 13:46:22 [error] 15612#16688: *1 [lua] init_worker_by_lua:22: failed to spawn health checker: failed to get primary peers: upstream not found, context: init_worker_by_lua*
2022/08/27 13:46:27 [info] 15612#16688: *2 client 127.0.0.1 closed keepalive connection
2022/08/27 13:49:37 [notice] 18844#7924: using the "select" event method
2022/08/27 13:49:37 [notice] 18844#7924: openresty/1.21.4.1
2022/08/27 13:49:37 [info] 18844#7924: OS: 300000 build:22000, "", suite:100, type:1
2022/08/27 13:49:37 [notice] 18844#7924: start worker processes
2022/08/27 13:49:37 [notice] 18844#7924: start worker process 19212
2022/08/27 13:49:37 [notice] 19212#18796: openresty/1.21.4.1
2022/08/27 13:49:37 [info] 19212#18796: OS: 300000 build:22000, "", suite:100, type:1
2022/08/27 13:49:37 [notice] 19212#18796: create thread 19260
2022/08/27 13:49:37 [notice] 19212#18796: create thread 18472
2022/08/27 13:49:37 [notice] 19212#18796: create thread 18916
2022/08/27 13:49:37 [error] 19212#19260: *1 [lua] init_worker_by_lua:22: failed to spawn health checker: failed to get primary peers: upstream not found, context: init_worker_by_lua*
2022/08/27 13:49:42 [error] 19212#19260: *2 [lua] rewrite_by_lua(nginx.conf:118):2: inside, client: 127.0.0.1, server: localhost, request: "GET /chat?msg=<html> HTTP/1.1", host: "localhost"
2022/08/27 13:49:42 [warn] 19212#19260: *2 [lua] _G write guard:12: __newindex(): writing a global Lua variable ('htmlescape') which may lead to race conditions between concurrent requests, so prefer the use of 'local' variables
stack traceback:
	rewrite_by_lua(nginx.conf:118):3: in main chunk, client: 127.0.0.1, server: localhost, request: "GET /chat?msg=<html> HTTP/1.1", host: "localhost"
2022/08/27 13:49:42 [error] 19212#19260: *2 [lua] rewrite_by_lua(nginx.conf:118):8: /chat, client: 127.0.0.1, server: localhost, request: "GET /chat?msg=<html> HTTP/1.1", host: "localhost"
2022/08/27 13:49:42 [error] 19212#19260: *2 [lua] rewrite_by_lua(nginx.conf:118):11: /chat, client: 127.0.0.1, server: localhost, request: "GET /chat?msg=<html> HTTP/1.1", host: "localhost"
2022/08/27 13:49:43 [info] 19212#19260: *2 client 127.0.0.1 closed keepalive connection
2022/08/27 13:50:37 [error] 19212#19260: *4 [lua] rewrite_by_lua(nginx.conf:118):2: inside, client: 127.0.0.1, server: localhost, request: "GET /chat?msg=<html> HTTP/1.1", host: "localhost"
2022/08/27 13:50:37 [error] 19212#19260: *4 [lua] rewrite_by_lua(nginx.conf:118):8: /chat, client: 127.0.0.1, server: localhost, request: "GET /chat?msg=<html> HTTP/1.1", host: "localhost"
2022/08/27 13:50:37 [error] 19212#19260: *4 [lua] rewrite_by_lua(nginx.conf:118):11: /chat, client: 127.0.0.1, server: localhost, request: "GET /chat?msg=<html> HTTP/1.1", host: "localhost"
2022/08/27 13:50:38 [info] 19212#19260: *4 client 127.0.0.1 closed keepalive connection
2022/08/27 13:53:47 [notice] 5088#19268: using the "select" event method
2022/08/27 13:53:47 [notice] 5088#19268: openresty/1.21.4.1
2022/08/27 13:53:47 [info] 5088#19268: OS: 300000 build:22000, "", suite:100, type:1
2022/08/27 13:53:47 [notice] 5088#19268: start worker processes
2022/08/27 13:53:47 [notice] 5088#19268: start worker process 11308
2022/08/27 13:53:47 [notice] 11308#12056: openresty/1.21.4.1
2022/08/27 13:53:47 [info] 11308#12056: OS: 300000 build:22000, "", suite:100, type:1
2022/08/27 13:53:47 [notice] 11308#12056: create thread 3652
2022/08/27 13:53:47 [notice] 11308#12056: create thread 6728
2022/08/27 13:53:47 [notice] 11308#12056: create thread 18932
2022/08/27 13:53:47 [error] 11308#3652: *1 [lua] init_worker_by_lua:22: failed to spawn health checker: failed to get primary peers: upstream not found, context: init_worker_by_lua*
2022/08/27 13:53:51 [error] 11308#3652: *2 [lua] rewrite_by_lua(nginx.conf:118):2: inside, client: 127.0.0.1, server: localhost, request: "GET /chat?msg=<html> HTTP/1.1", host: "localhost"
2022/08/27 13:53:51 [warn] 11308#3652: *2 [lua] _G write guard:12: __newindex(): writing a global Lua variable ('htmlescape') which may lead to race conditions between concurrent requests, so prefer the use of 'local' variables
stack traceback:
	rewrite_by_lua(nginx.conf:118):3: in main chunk, client: 127.0.0.1, server: localhost, request: "GET /chat?msg=<html> HTTP/1.1", host: "localhost"
2022/08/27 13:53:51 [error] 11308#3652: *2 [lua] rewrite_by_lua(nginx.conf:118):8: /chat?msg=<html>, client: 127.0.0.1, server: localhost, request: "GET /chat?msg=<html> HTTP/1.1", host: "localhost"
2022/08/27 13:53:51 [error] 11308#3652: *2 [lua] rewrite_by_lua(nginx.conf:118):11: /chat, client: 127.0.0.1, server: localhost, request: "GET /chat?msg=<html> HTTP/1.1", host: "localhost"
2022/08/27 13:53:51 [info] 11308#3652: *2 client 127.0.0.1 closed keepalive connection
2022/08/27 13:54:26 [notice] 8876#4280: using the "select" event method
2022/08/27 13:54:26 [notice] 8876#4280: openresty/1.21.4.1
2022/08/27 13:54:26 [info] 8876#4280: OS: 300000 build:22000, "", suite:100, type:1
2022/08/27 13:54:26 [notice] 8876#4280: start worker processes
2022/08/27 13:54:26 [notice] 8876#4280: start worker process 18520
2022/08/27 13:54:26 [notice] 18520#19160: openresty/1.21.4.1
2022/08/27 13:54:26 [info] 18520#19160: OS: 300000 build:22000, "", suite:100, type:1
2022/08/27 13:54:26 [notice] 18520#19160: create thread 16784
2022/08/27 13:54:26 [notice] 18520#19160: create thread 18672
2022/08/27 13:54:26 [notice] 18520#19160: create thread 14996
2022/08/27 13:54:26 [error] 18520#16784: *1 [lua] init_worker_by_lua:22: failed to spawn health checker: failed to get primary peers: upstream not found, context: init_worker_by_lua*
2022/08/27 13:54:29 [error] 18520#16784: *2 [lua] rewrite_by_lua(nginx.conf:118):2: inside, client: 127.0.0.1, server: localhost, request: "GET /chat?msg=<html> HTTP/1.1", host: "localhost"
2022/08/27 13:54:29 [warn] 18520#16784: *2 [lua] _G write guard:12: __newindex(): writing a global Lua variable ('htmlescape') which may lead to race conditions between concurrent requests, so prefer the use of 'local' variables
stack traceback:
	rewrite_by_lua(nginx.conf:118):3: in main chunk, client: 127.0.0.1, server: localhost, request: "GET /chat?msg=<html> HTTP/1.1", host: "localhost"
